Component: ARM Compiler 5.06 update 6 (build 750) Tool: armlink [4d35ed]

==============================================================================

Section Cross References

    main.o(.text) refers to stm32f10x_rcc.o(.text) for RCC_APB2PeriphClockCmd
    main.o(.text) refers to stm32f10x_gpio.o(.text) for GPIO_PinRemapConfig
    main.o(.text) refers to delay.o(.text) for delay_init
    main.o(.text) refers to misc.o(.text) for NVIC_PriorityGroupConfig
    main.o(.text) refers to led.o(.text) for LED_Init
    main.o(.text) refers to encoder.o(.text) for Encoder_Init_TIM2
    main.o(.text) refers to motor.o(.text) for Motor_PWM_Init
    main.o(.text) refers to uart4.o(.text) for uart4_init
    main.o(.text) refers to usart.o(.text) for uart_init
    main.o(.text) refers to ano_tc.o(.text) for Uart_ANO_TC__Init
    main.o(.text) refers to dma.o(.text) for Uart_Dma_Init
    main.o(.text) refers to timer.o(.text) for TIM6_Init
    main.o(.text) refers to stm32f10x_dma.o(.text) for DMA_Cmd
    main.o(.text) refers to modbuscrc16.o(.text) for ModBus_CRC
    main.o(.text) refers to stm32f10x_usart.o(.text) for USART_GetFlagStatus
    main.o(.text) refers to main.o(.data) for Target_A
    main.o(.text) refers to dma.o(.bss) for DMA_UART_STRU
    main.o(.text) refers to dma.o(.data) for puCcurrent_Receive_Point
    system_stm32f10x.o(.text) refers to system_stm32f10x.o(.data) for SystemCoreClock
    led.o(.text) refers to stm32f10x_rcc.o(.text) for RCC_APB2PeriphClockCmd
    led.o(.text) refers to stm32f10x_gpio.o(.text) for GPIO_Init
    modbuscrc16.o(.text) refers to modbuscrc16.o(.data) for uchCRCHi
    timer.o(.text) refers to sys.o(.text) for MY_NVIC_Init
    dma.o(.text) refers to stm32f10x_rcc.o(.text) for RCC_AHBPeriphClockCmd
    dma.o(.text) refers to stm32f10x_dma.o(.text) for DMA_Init
    dma.o(.text) refers to misc.o(.text) for NVIC_Init
    dma.o(.text) refers to dma.o(.bss) for ucDma_Receive
    dma.o(.text) refers to dma.o(.data) for puCcurrent_Receive_Point
    usart2.o(.text) refers to stm32f10x_usart.o(.text) for USART_GetITStatus
    usart2.o(.text) refers to stm32f10x_rcc.o(.text) for RCC_APB2PeriphClockCmd
    usart2.o(.text) refers to stm32f10x_gpio.o(.text) for GPIO_Init
    usart3.o(.text) refers to stm32f10x_usart.o(.text) for USART_GetITStatus
    usart3.o(.text) refers to stm32f10x_rcc.o(.text) for RCC_APB2PeriphClockCmd
    usart3.o(.text) refers to stm32f10x_gpio.o(.text) for GPIO_Init
    usart3.o(.text) refers to misc.o(.text) for NVIC_Init
    uart4.o(.text) refers to stm32f10x_usart.o(.text) for USART_GetITStatus
    uart4.o(.text) refers to stm32f10x_rcc.o(.text) for RCC_APB2PeriphClockCmd
    uart4.o(.text) refers to stm32f10x_gpio.o(.text) for GPIO_Init
    encoder.o(.text) refers to stm32f10x_rcc.o(.text) for RCC_APB2PeriphClockCmd
    encoder.o(.text) refers to stm32f10x_gpio.o(.text) for GPIO_PinRemapConfig
    encoder.o(.text) refers to sys.o(.text) for MY_NVIC_Init
    motor.o(.text) refers to stm32f10x_rcc.o(.text) for RCC_APB2PeriphClockCmd
    motor.o(.text) refers to stm32f10x_gpio.o(.text) for GPIO_Init
    ano_tc.o(.text) refers to stm32f10x_rcc.o(.text) for RCC_AHBPeriphClockCmd
    ano_tc.o(.text) refers to stm32f10x_dma.o(.text) for DMA_Init
    ano_tc.o(.text) refers to misc.o(.text) for NVIC_Init
    ano_tc.o(.text) refers to memcpya.o(.text) for __aeabi_memcpy
    ano_tc.o(.text) refers to ano_tc.o(.bss) for ucANO_TC_Dma_Send
    delay.o(.text) refers to misc.o(.text) for SysTick_CLKSourceConfig
    delay.o(.text) refers to system_stm32f10x.o(.data) for SystemCoreClock
    delay.o(.text) refers to delay.o(.data) for fac_us
    sys.o(.text) refers to misc.o(.text) for NVIC_PriorityGroupConfig
    usart.o(.text) refers to stm32f10x_rcc.o(.text) for RCC_APB2PeriphClockCmd
    usart.o(.text) refers to stm32f10x_gpio.o(.text) for GPIO_Init
    usart.o(.text) refers to stm32f10x_usart.o(.text) for USART_Init
    usart.o(.text) refers to usart.o(.data) for USART_RX_STA
    usart.o(.text) refers to usart.o(.bss) for USART_RX_BUF
    startup_stm32f10x_hd.o(RESET) refers to startup_stm32f10x_hd.o(STACK) for __initial_sp
    startup_stm32f10x_hd.o(RESET) refers to startup_stm32f10x_hd.o(.text) for Reset_Handler
    startup_stm32f10x_hd.o(RESET) refers to stm32f10x_it.o(.text) for NMI_Handler
    startup_stm32f10x_hd.o(RESET) refers to ano_tc.o(.text) for DMA1_Channel4_IRQHandler
    startup_stm32f10x_hd.o(RESET) refers to encoder.o(.text) for TIM2_IRQHandler
    startup_stm32f10x_hd.o(RESET) refers to usart.o(.text) for USART1_IRQHandler
    startup_stm32f10x_hd.o(RESET) refers to usart2.o(.text) for USART2_IRQHandler
    startup_stm32f10x_hd.o(RESET) refers to usart3.o(.text) for USART3_IRQHandler
    startup_stm32f10x_hd.o(RESET) refers to control.o(.text) for TIM6_IRQHandler
    startup_stm32f10x_hd.o(RESET) refers to dma.o(.text) for DMA2_Channel3_IRQHandler
    startup_stm32f10x_hd.o(.text) refers to system_stm32f10x.o(.text) for SystemInit
    startup_stm32f10x_hd.o(.text) refers to entry.o(.ARM.Collect$$$$00000000) for __main
    stm32f10x_gpio.o(.text) refers to stm32f10x_rcc.o(.text) for RCC_APB2PeriphResetCmd
    stm32f10x_rcc.o(.text) refers to stm32f10x_rcc.o(.data) for APBAHBPrescTable
    stm32f10x_usart.o(.text) refers to stm32f10x_rcc.o(.text) for RCC_APB2PeriphResetCmd
    stm32f10x_tim.o(.text) refers to stm32f10x_rcc.o(.text) for RCC_APB2PeriphResetCmd
    app_main.o(.text) refers to delay.o(.text) for delay_ms
    app_main.o(.text) refers to app_main.o(.bss) for RemoteControlUsartData
    control.o(.text) refers to fflti.o(.text) for __aeabi_i2f
    control.o(.text) refers to fmul.o(.text) for __aeabi_fmul
    control.o(.text) refers to fadd.o(.text) for __aeabi_fadd
    control.o(.text) refers to ffixi.o(.text) for __aeabi_f2iz
    control.o(.text) refers to encoder.o(.text) for Read_Encoder
    control.o(.text) refers to ano_tc.o(.text) for vANO_TC_Send
    control.o(.text) refers to app_main.o(.data) for Motor_A
    control.o(.text) refers to control.o(.data) for Bias
    control.o(.text) refers to main.o(.data) for Target_A
    control.o(.text) refers to cfrcmple.o(.text) for __aeabi_cfrcmple
    control.o(.text) refers to cfcmple.o(.text) for __aeabi_cfcmple
    control.o(.text) refers to fdiv.o(.text) for __aeabi_fdiv
    entry.o(.ARM.Collect$$$$00000000) refers (Special) to entry10a.o(.ARM.Collect$$$$0000000D) for __rt_final_cpp
    entry.o(.ARM.Collect$$$$00000000) refers (Special) to entry11a.o(.ARM.Collect$$$$0000000F) for __rt_final_exit
    entry.o(.ARM.Collect$$$$00000000) refers (Special) to entry7b.o(.ARM.Collect$$$$00000008) for _main_clock
    entry.o(.ARM.Collect$$$$00000000) refers (Special) to entry8b.o(.ARM.Collect$$$$0000000A) for _main_cpp_init
    entry.o(.ARM.Collect$$$$00000000) refers (Special) to entry9a.o(.ARM.Collect$$$$0000000B) for _main_init
    entry.o(.ARM.Collect$$$$00000000) refers (Special) to entry5.o(.ARM.Collect$$$$00000004) for _main_scatterload
    entry.o(.ARM.Collect$$$$00000000) refers (Special) to entry2.o(.ARM.Collect$$$$00000001) for _main_stk
    fadd.o(.text) refers (Special) to iusefp.o(.text) for __I$use$fp
    fadd.o(.text) refers to fepilogue.o(.text) for _float_epilogue
    fmul.o(.text) refers (Special) to iusefp.o(.text) for __I$use$fp
    fdiv.o(.text) refers (Special) to iusefp.o(.text) for __I$use$fp
    fdiv.o(.text) refers to fepilogue.o(.text) for _float_round
    fflti.o(.text) refers (Special) to iusefp.o(.text) for __I$use$fp
    fflti.o(.text) refers to fepilogue.o(.text) for _float_epilogue
    ffixi.o(.text) refers (Special) to iusefp.o(.text) for __I$use$fp
    cfcmple.o(.text) refers (Special) to iusefp.o(.text) for __I$use$fp
    cfrcmple.o(.text) refers (Special) to iusefp.o(.text) for __I$use$fp
    entry2.o(.ARM.Collect$$$$00000001) refers to entry2.o(.ARM.Collect$$$$00002712) for __lit__00000000
    entry2.o(.ARM.Collect$$$$00002712) refers to startup_stm32f10x_hd.o(STACK) for __initial_sp
    entry2.o(__vectab_stack_and_reset_area) refers to startup_stm32f10x_hd.o(STACK) for __initial_sp
    entry2.o(__vectab_stack_and_reset_area) refers to entry.o(.ARM.Collect$$$$00000000) for __main
    entry5.o(.ARM.Collect$$$$00000004) refers to init.o(.text) for __scatterload
    entry9a.o(.ARM.Collect$$$$0000000B) refers to main.o(.text) for main
    entry9b.o(.ARM.Collect$$$$0000000C) refers to main.o(.text) for main
    init.o(.text) refers to entry5.o(.ARM.Collect$$$$00000004) for __main_after_scatterload


==============================================================================

Removing Unused input sections from the image.

    Removing sys.o(.emb_text), (6 bytes).
    Removing core_cm3.o(.emb_text), (32 bytes).
    Removing startup_stm32f10x_hd.o(HEAP), (512 bytes).
    Removing stm32f10x_tim.o(.text), (3610 bytes).
    Removing app_main.o(.text), (64 bytes).
    Removing app_main.o(.bss), (9 bytes).

6 unused section(s) (total 4233 bytes) removed from the image.

==============================================================================

Image Symbol Table

    Local Symbols

    Symbol Name                              Value     Ov Type        Size  Object(Section)

    ../clib/../cmprslib/zerorunl2.c          0x00000000   Number         0  __dczerorl2.o ABSOLUTE
    ../clib/microlib/init/entry.s            0x00000000   Number         0  entry.o ABSOLUTE
    ../clib/microlib/init/entry.s            0x00000000   Number         0  entry9b.o ABSOLUTE
    ../clib/microlib/init/entry.s            0x00000000   Number         0  entry2.o ABSOLUTE
    ../clib/microlib/init/entry.s            0x00000000   Number         0  entry10a.o ABSOLUTE
    ../clib/microlib/init/entry.s            0x00000000   Number         0  entry7b.o ABSOLUTE
    ../clib/microlib/init/entry.s            0x00000000   Number         0  entry8a.o ABSOLUTE
    ../clib/microlib/init/entry.s            0x00000000   Number         0  entry10b.o ABSOLUTE
    ../clib/microlib/init/entry.s            0x00000000   Number         0  entry5.o ABSOLUTE
    ../clib/microlib/init/entry.s            0x00000000   Number         0  entry7a.o ABSOLUTE
    ../clib/microlib/init/entry.s            0x00000000   Number         0  entry8b.o ABSOLUTE
    ../clib/microlib/init/entry.s            0x00000000   Number         0  entry11b.o ABSOLUTE
    ../clib/microlib/init/entry.s            0x00000000   Number         0  entry11a.o ABSOLUTE
    ../clib/microlib/init/entry.s            0x00000000   Number         0  entry9a.o ABSOLUTE
    ../clib/microlib/string/memcpy.c         0x00000000   Number         0  memcpyb.o ABSOLUTE
    ../clib/microlib/string/memcpy.c         0x00000000   Number         0  memcpya.o ABSOLUTE
    ../clib/microlib/stubs.s                 0x00000000   Number         0  iusefp.o ABSOLUTE
    ../clib/microlib/stubs.s                 0x00000000   Number         0  useno.o ABSOLUTE
    ../fplib/microlib/fpadd.c                0x00000000   Number         0  fadd.o ABSOLUTE
    ../fplib/microlib/fpdiv.c                0x00000000   Number         0  fdiv.o ABSOLUTE
    ../fplib/microlib/fpepilogue.c           0x00000000   Number         0  fepilogue.o ABSOLUTE
    ../fplib/microlib/fpfix.c                0x00000000   Number         0  ffixi.o ABSOLUTE
    ../fplib/microlib/fpflt.c                0x00000000   Number         0  fflti.o ABSOLUTE
    ../fplib/microlib/fpmul.c                0x00000000   Number         0  fmul.o ABSOLUTE
    ..\APP\app_main.c                        0x00000000   Number         0  app_main.o ABSOLUTE
    ..\BALANCE\CONTROL\control.c             0x00000000   Number         0  control.o ABSOLUTE
    ..\CORE\core_cm3.c                       0x00000000   Number         0  core_cm3.o ABSOLUTE
    ..\CORE\startup_stm32f10x_hd.s           0x00000000   Number         0  startup_stm32f10x_hd.o ABSOLUTE
    ..\HARDWARE\DMA\dma.c                    0x00000000   Number         0  dma.o ABSOLUTE
    ..\HARDWARE\DMA_ANO_TC\ano_tc.c          0x00000000   Number         0  ano_tc.o ABSOLUTE
    ..\HARDWARE\ENCODER\encoder.c            0x00000000   Number         0  encoder.o ABSOLUTE
    ..\HARDWARE\LED\led.c                    0x00000000   Number         0  led.o ABSOLUTE
    ..\HARDWARE\MOTOR\motor.c                0x00000000   Number         0  motor.o ABSOLUTE
    ..\HARDWARE\ModbusCRC16\ModbusCRC16.c    0x00000000   Number         0  modbuscrc16.o ABSOLUTE
    ..\HARDWARE\TIMER\timer.c                0x00000000   Number         0  timer.o ABSOLUTE
    ..\HARDWARE\UART4\uart4.c                0x00000000   Number         0  uart4.o ABSOLUTE
    ..\HARDWARE\USART2\usart2.c              0x00000000   Number         0  usart2.o ABSOLUTE
    ..\HARDWARE\USART3\usart3.c              0x00000000   Number         0  usart3.o ABSOLUTE
    ..\STM32F10x_FWLib\src\misc.c            0x00000000   Number         0  misc.o ABSOLUTE
    ..\STM32F10x_FWLib\src\stm32f10x_dma.c   0x00000000   Number         0  stm32f10x_dma.o ABSOLUTE
    ..\STM32F10x_FWLib\src\stm32f10x_gpio.c  0x00000000   Number         0  stm32f10x_gpio.o ABSOLUTE
    ..\STM32F10x_FWLib\src\stm32f10x_rcc.c   0x00000000   Number         0  stm32f10x_rcc.o ABSOLUTE
    ..\STM32F10x_FWLib\src\stm32f10x_tim.c   0x00000000   Number         0  stm32f10x_tim.o ABSOLUTE
    ..\STM32F10x_FWLib\src\stm32f10x_usart.c 0x00000000   Number         0  stm32f10x_usart.o ABSOLUTE
    ..\SYSTEM\delay\delay.c                  0x00000000   Number         0  delay.o ABSOLUTE
    ..\SYSTEM\sys\sys.c                      0x00000000   Number         0  sys.o ABSOLUTE
    ..\SYSTEM\usart\usart.c                  0x00000000   Number         0  usart.o ABSOLUTE
    ..\\CORE\\core_cm3.c                     0x00000000   Number         0  core_cm3.o ABSOLUTE
    ..\\SYSTEM\\sys\\sys.c                   0x00000000   Number         0  sys.o ABSOLUTE
    cfcmple.s                                0x00000000   Number         0  cfcmple.o ABSOLUTE
    cfrcmple.s                               0x00000000   Number         0  cfrcmple.o ABSOLUTE
    dc.s                                     0x00000000   Number         0  dc.o ABSOLUTE
    handlers.s                               0x00000000   Number         0  handlers.o ABSOLUTE
    init.s                                   0x00000000   Number         0  init.o ABSOLUTE
    main.c                                   0x00000000   Number         0  main.o ABSOLUTE
    stm32f10x_it.c                           0x00000000   Number         0  stm32f10x_it.o ABSOLUTE
    system_stm32f10x.c                       0x00000000   Number         0  system_stm32f10x.o ABSOLUTE
    RESET                                    0x08000000   Section      304  startup_stm32f10x_hd.o(RESET)
    .ARM.Collect$$$$00000000                 0x08000130   Section        0  entry.o(.ARM.Collect$$$$00000000)
    .ARM.Collect$$$$00000001                 0x08000130   Section        4  entry2.o(.ARM.Collect$$$$00000001)
    .ARM.Collect$$$$00000004                 0x08000134   Section        4  entry5.o(.ARM.Collect$$$$00000004)
    .ARM.Collect$$$$00000008                 0x08000138   Section        0  entry7b.o(.ARM.Collect$$$$00000008)
    .ARM.Collect$$$$0000000A                 0x08000138   Section        0  entry8b.o(.ARM.Collect$$$$0000000A)
    .ARM.Collect$$$$0000000B                 0x08000138   Section        8  entry9a.o(.ARM.Collect$$$$0000000B)
    .ARM.Collect$$$$0000000D                 0x08000140   Section        0  entry10a.o(.ARM.Collect$$$$0000000D)
    .ARM.Collect$$$$0000000F                 0x08000140   Section        0  entry11a.o(.ARM.Collect$$$$0000000F)
    .ARM.Collect$$$$00002712                 0x08000140   Section        4  entry2.o(.ARM.Collect$$$$00002712)
    __lit__00000000                          0x08000140   Data           4  entry2.o(.ARM.Collect$$$$00002712)
    .text                                    0x08000144   Section        0  main.o(.text)
    .text                                    0x080007b4   Section        0  stm32f10x_it.o(.text)
    .text                                    0x080007d0   Section        0  system_stm32f10x.o(.text)
    SetSysClockTo72                          0x080007d1   Thumb Code   214  system_stm32f10x.o(.text)
    SetSysClock                              0x080008a7   Thumb Code     8  system_stm32f10x.o(.text)
    .text                                    0x080009b0   Section        0  led.o(.text)
    .text                                    0x080009e8   Section        0  modbuscrc16.o(.text)
    .text                                    0x08000a44   Section        0  timer.o(.text)
    .text                                    0x08000a88   Section        0  dma.o(.text)
    vDMA_UART_STRU_Init                      0x08000a89   Thumb Code    36  dma.o(.text)
    .text                                    0x08000b80   Section        0  usart2.o(.text)
    .text                                    0x08000c50   Section        0  usart3.o(.text)
    .text                                    0x08000d70   Section        0  uart4.o(.text)
    .text                                    0x08000e70   Section        0  encoder.o(.text)
    .text                                    0x08001298   Section        0  motor.o(.text)
    .text                                    0x0800141c   Section        0  ano_tc.o(.text)
    vData_Pack_Create                        0x08001423   Thumb Code    24  ano_tc.o(.text)
    vANO_TC_UART_SEND_LENGTH                 0x0800152b   Thumb Code    30  ano_tc.o(.text)
    putData_Pack_Data_Updata                 0x08001549   Thumb Code    28  ano_tc.o(.text)
    utAdd8_Check                             0x08001565   Thumb Code    28  ano_tc.o(.text)
    .text                                    0x080015f8   Section        0  delay.o(.text)
    .text                                    0x080016cc   Section        0  sys.o(.text)
    .text                                    0x08001780   Section        0  usart.o(.text)
    .text                                    0x080018a4   Section       36  startup_stm32f10x_hd.o(.text)
    .text                                    0x080018c8   Section        0  misc.o(.text)
    .text                                    0x080019a4   Section        0  stm32f10x_gpio.o(.text)
    .text                                    0x08001d00   Section        0  stm32f10x_rcc.o(.text)
    .text                                    0x080020a4   Section        0  stm32f10x_usart.o(.text)
    .text                                    0x080024ac   Section        0  stm32f10x_dma.o(.text)
    .text                                    0x08002700   Section        0  control.o(.text)
    .text                                    0x08003058   Section        0  memcpya.o(.text)
    .text                                    0x0800307c   Section        0  fadd.o(.text)
    .text                                    0x0800312c   Section        0  fmul.o(.text)
    .text                                    0x08003190   Section        0  fdiv.o(.text)
    .text                                    0x0800320c   Section        0  fflti.o(.text)
    .text                                    0x0800321e   Section        0  ffixi.o(.text)
    .text                                    0x08003250   Section       20  cfcmple.o(.text)
    .text                                    0x08003264   Section       20  cfrcmple.o(.text)
    .text                                    0x08003278   Section        0  iusefp.o(.text)
    .text                                    0x08003278   Section        0  fepilogue.o(.text)
    .text                                    0x080032e8   Section       36  init.o(.text)
    .text                                    0x0800330c   Section        0  __dczerorl2.o(.text)
    i.__scatterload_copy                     0x08003362   Section       14  handlers.o(i.__scatterload_copy)
    i.__scatterload_null                     0x08003370   Section        2  handlers.o(i.__scatterload_null)
    i.__scatterload_zeroinit                 0x08003372   Section       14  handlers.o(i.__scatterload_zeroinit)
    .data                                    0x20000000   Section       25  main.o(.data)
    .data                                    0x2000001c   Section       20  system_stm32f10x.o(.data)
    .data                                    0x20000030   Section      514  modbuscrc16.o(.data)
    .data                                    0x20000234   Section        4  dma.o(.data)
    .data                                    0x20000238   Section        4  delay.o(.data)
    fac_us                                   0x20000238   Data           1  delay.o(.data)
    fac_ms                                   0x2000023a   Data           2  delay.o(.data)
    .data                                    0x2000023c   Section        6  usart.o(.data)
    .data                                    0x20000242   Section       20  stm32f10x_rcc.o(.data)
    APBAHBPrescTable                         0x20000242   Data          16  stm32f10x_rcc.o(.data)
    ADCPrescTable                            0x20000252   Data           4  stm32f10x_rcc.o(.data)
    .data                                    0x20000258   Section       84  app_main.o(.data)
    .data                                    0x200002ac   Section      160  control.o(.data)
    Bias                                     0x200002dc   Data           4  control.o(.data)
    Pwm                                      0x200002e0   Data           4  control.o(.data)
    Last_bias                                0x200002e4   Data           4  control.o(.data)
    Bias                                     0x200002e8   Data           4  control.o(.data)
    Pwm                                      0x200002ec   Data           4  control.o(.data)
    Last_bias                                0x200002f0   Data           4  control.o(.data)
    Bias                                     0x200002f4   Data           4  control.o(.data)
    Pwm                                      0x200002f8   Data           4  control.o(.data)
    Last_bias                                0x200002fc   Data           4  control.o(.data)
    Bias                                     0x20000300   Data           4  control.o(.data)
    Pwm                                      0x20000304   Data           4  control.o(.data)
    Last_bias                                0x20000308   Data           4  control.o(.data)
    Bias                                     0x2000030c   Data           4  control.o(.data)
    Pwm                                      0x20000310   Data           4  control.o(.data)
    Integral_bias                            0x20000314   Data           4  control.o(.data)
    Last_Bias                                0x20000318   Data           4  control.o(.data)
    Bias                                     0x2000031c   Data           4  control.o(.data)
    Pwm                                      0x20000320   Data           4  control.o(.data)
    Integral_bias                            0x20000324   Data           4  control.o(.data)
    Last_Bias                                0x20000328   Data           4  control.o(.data)
    Bias                                     0x2000032c   Data           4  control.o(.data)
    Pwm                                      0x20000330   Data           4  control.o(.data)
    Integral_bias                            0x20000334   Data           4  control.o(.data)
    Last_Bias                                0x20000338   Data           4  control.o(.data)
    Bias                                     0x2000033c   Data           4  control.o(.data)
    Pwm                                      0x20000340   Data           4  control.o(.data)
    Integral_bias                            0x20000344   Data           4  control.o(.data)
    Last_Bias                                0x20000348   Data           4  control.o(.data)
    .bss                                     0x2000034c   Section       32  dma.o(.bss)
    .bss                                     0x2000036c   Section       60  ano_tc.o(.bss)
    .bss                                     0x200003a8   Section      200  usart.o(.bss)
    STACK                                    0x20000470   Section     1024  startup_stm32f10x_hd.o(STACK)

    Global Symbols

    Symbol Name                              Value     Ov Type        Size  Object(Section)

    BuildAttributes$$THM_ISAv4$P$D$K$B$S$PE$A:L22UL41UL21$X:L11$S22US41US21$IEEE1$IW$USESV6$~STKCKD$USESV7$~SHL$OTIME$ROPI$EBA8$MICROLIB$REQ8$PRES8$EABIv2 0x00000000   Number         0  anon$$obj.o ABSOLUTE
    __ARM_use_no_argv                        0x00000000   Number         0  main.o ABSOLUTE
    __use_no_errno                           0x00000000   Number         0  useno.o ABSOLUTE
    __use_no_exception_handling              0x00000000   Number         0  useno.o ABSOLUTE
    __use_no_fp                              0x00000000   Number         0  useno.o ABSOLUTE
    __use_no_heap                            0x00000000   Number         0  useno.o ABSOLUTE
    __use_no_heap_region                     0x00000000   Number         0  useno.o ABSOLUTE
    __use_no_semihosting                     0x00000000   Number         0  useno.o ABSOLUTE
    __use_no_semihosting_swi                 0x00000000   Number         0  useno.o ABSOLUTE
    __use_no_signal_handling                 0x00000000   Number         0  useno.o ABSOLUTE
    __cpp_initialize__aeabi_                  - Undefined Weak Reference
    __cxa_finalize                            - Undefined Weak Reference
    _clock_init                               - Undefined Weak Reference
    _microlib_exit                            - Undefined Weak Reference
    __Vectors_Size                           0x00000130   Number         0  startup_stm32f10x_hd.o ABSOLUTE
    __Vectors                                0x08000000   Data           4  startup_stm32f10x_hd.o(RESET)
    __Vectors_End                            0x08000130   Data           0  startup_stm32f10x_hd.o(RESET)
    __main                                   0x08000131   Thumb Code     0  entry.o(.ARM.Collect$$$$00000000)
    _main_stk                                0x08000131   Thumb Code     0  entry2.o(.ARM.Collect$$$$00000001)
    _main_scatterload                        0x08000135   Thumb Code     0  entry5.o(.ARM.Collect$$$$00000004)
    __main_after_scatterload                 0x08000139   Thumb Code     0  entry5.o(.ARM.Collect$$$$00000004)
    _main_clock                              0x08000139   Thumb Code     0  entry7b.o(.ARM.Collect$$$$00000008)
    _main_cpp_init                           0x08000139   Thumb Code     0  entry8b.o(.ARM.Collect$$$$0000000A)
    _main_init                               0x08000139   Thumb Code     0  entry9a.o(.ARM.Collect$$$$0000000B)
    __rt_final_cpp                           0x08000141   Thumb Code     0  entry10a.o(.ARM.Collect$$$$0000000D)
    __rt_final_exit                          0x08000141   Thumb Code     0  entry11a.o(.ARM.Collect$$$$0000000F)
    vCar_Set_PID                             0x08000145   Thumb Code   356  main.o(.text)
    main                                     0x080002a9   Thumb Code   568  main.o(.text)
    vCar_Ation_Mode                          0x080004e1   Thumb Code   706  main.o(.text)
    NMI_Handler                              0x080007b5   Thumb Code     2  stm32f10x_it.o(.text)
    HardFault_Handler                        0x080007b7   Thumb Code     4  stm32f10x_it.o(.text)
    MemManage_Handler                        0x080007bb   Thumb Code     4  stm32f10x_it.o(.text)
    BusFault_Handler                         0x080007bf   Thumb Code     4  stm32f10x_it.o(.text)
    UsageFault_Handler                       0x080007c3   Thumb Code     4  stm32f10x_it.o(.text)
    SVC_Handler                              0x080007c7   Thumb Code     2  stm32f10x_it.o(.text)
    DebugMon_Handler                         0x080007c9   Thumb Code     2  stm32f10x_it.o(.text)
    PendSV_Handler                           0x080007cb   Thumb Code     2  stm32f10x_it.o(.text)
    SysTick_Handler                          0x080007cd   Thumb Code     2  stm32f10x_it.o(.text)
    SystemInit                               0x080008af   Thumb Code    78  system_stm32f10x.o(.text)
    SystemCoreClockUpdate                    0x080008fd   Thumb Code   142  system_stm32f10x.o(.text)
    LED_Init                                 0x080009b1   Thumb Code    50  led.o(.text)
    ModBus_CRC                               0x080009e9   Thumb Code    76  modbuscrc16.o(.text)
    TIM6_Init                                0x08000a45   Thumb Code    58  timer.o(.text)
    Uart_Dma_Init                            0x08000aad   Thumb Code   118  dma.o(.text)
    DMA2_Channel3_IRQHandler                 0x08000b23   Thumb Code    30  dma.o(.text)
    DMA2_Channel4_5_IRQHandler               0x08000b41   Thumb Code    30  dma.o(.text)
    puiGetReceiveArray                       0x08000b5f   Thumb Code     6  dma.o(.text)
    USART2_IRQHandler                        0x08000b81   Thumb Code    14  usart2.o(.text)
    usart2_init                              0x08000b8f   Thumb Code   130  usart2.o(.text)
    uart2_Send_Byte                          0x08000c11   Thumb Code    22  usart2.o(.text)
    uart2_Send_Len                           0x08000c27   Thumb Code    28  usart2.o(.text)
    USART3_IRQHandler                        0x08000c51   Thumb Code    24  usart3.o(.text)
    usart3_init                              0x08000c69   Thumb Code   166  usart3.o(.text)
    Usart3_Send_Byte                         0x08000d0f   Thumb Code    38  usart3.o(.text)
    Usart3_String_Send                       0x08000d35   Thumb Code    22  usart3.o(.text)
    Usart3_String_Send_Length                0x08000d4b   Thumb Code    28  usart3.o(.text)
    USART4_IRQHandler                        0x08000d71   Thumb Code    24  uart4.o(.text)
    uart4_init                               0x08000d89   Thumb Code   134  uart4.o(.text)
    Uart4_Send_Byte                          0x08000e0f   Thumb Code    38  uart4.o(.text)
    Uart4_String_Send                        0x08000e35   Thumb Code    22  uart4.o(.text)
    Uart4_String_Send_Length                 0x08000e4b   Thumb Code    28  uart4.o(.text)
    Encoder_Init_TIM2                        0x08000e71   Thumb Code   208  encoder.o(.text)
    Encoder_Init_TIM3                        0x08000f41   Thumb Code   212  encoder.o(.text)
    Encoder_Init_TIM4                        0x08001015   Thumb Code   208  encoder.o(.text)
    Encoder_Init_TIM5                        0x080010e5   Thumb Code   210  encoder.o(.text)
    Read_Encoder                             0x080011b7   Thumb Code   100  encoder.o(.text)
    TIM2_IRQHandler                          0x0800121b   Thumb Code    24  encoder.o(.text)
    TIM3_IRQHandler                          0x08001233   Thumb Code    24  encoder.o(.text)
    TIM4_IRQHandler                          0x0800124b   Thumb Code    54  encoder.o(.text)
    TIM5_IRQHandler                          0x08001281   Thumb Code    18  encoder.o(.text)
    Motor_PWM_IO_Init                        0x08001299   Thumb Code    50  motor.o(.text)
    Motor_IO_Init                            0x080012cb   Thumb Code    96  motor.o(.text)
    Motor_PWM_Init                           0x0800132b   Thumb Code   224  motor.o(.text)
    puiGet_ANO_TC_SendArray                  0x0800141d   Thumb Code     6  ano_tc.o(.text)
    Uart_ANO_TC__Init                        0x0800143b   Thumb Code   212  ano_tc.o(.text)
    vANO_TC_UART_SEND                        0x0800150f   Thumb Code    28  ano_tc.o(.text)
    vANO_TC_Send                             0x08001581   Thumb Code    54  ano_tc.o(.text)
    DMA1_Channel5_IRQHandler                 0x080015b7   Thumb Code    22  ano_tc.o(.text)
    DMA1_Channel4_IRQHandler                 0x080015cd   Thumb Code    22  ano_tc.o(.text)
    puiGet_ANO_TC_ReceiveArray               0x080015e3   Thumb Code     6  ano_tc.o(.text)
    delay_init                               0x080015f9   Thumb Code    50  delay.o(.text)
    delay_us                                 0x0800162b   Thumb Code    72  delay.o(.text)
    delay_ms                                 0x08001673   Thumb Code    72  delay.o(.text)
    WFI_SET                                  0x080016cd   Thumb Code     4  sys.o(.text)
    INTX_DISABLE                             0x080016d1   Thumb Code     4  sys.o(.text)
    INTX_ENABLE                              0x080016d5   Thumb Code     4  sys.o(.text)
    MY_NVIC_Init                             0x080016d9   Thumb Code   118  sys.o(.text)
    JTAG_Set                                 0x0800174f   Thumb Code    38  sys.o(.text)
    _sys_exit                                0x08001781   Thumb Code     6  usart.o(.text)
    fputc                                    0x08001787   Thumb Code    24  usart.o(.text)
    uart_init                                0x0800179f   Thumb Code   122  usart.o(.text)
    USART1_IRQHandler                        0x08001819   Thumb Code   122  usart.o(.text)
    Reset_Handler                            0x080018a5   Thumb Code     8  startup_stm32f10x_hd.o(.text)
    ADC1_2_IRQHandler                        0x080018bf   Thumb Code     0  startup_stm32f10x_hd.o(.text)
    ADC3_IRQHandler                          0x080018bf   Thumb Code     0  startup_stm32f10x_hd.o(.text)
    CAN1_RX1_IRQHandler                      0x080018bf   Thumb Code     0  startup_stm32f10x_hd.o(.text)
    CAN1_SCE_IRQHandler                      0x080018bf   Thumb Code     0  startup_stm32f10x_hd.o(.text)
    DMA1_Channel1_IRQHandler                 0x080018bf   Thumb Code     0  startup_stm32f10x_hd.o(.text)
    DMA1_Channel2_IRQHandler                 0x080018bf   Thumb Code     0  startup_stm32f10x_hd.o(.text)
    DMA1_Channel3_IRQHandler                 0x080018bf   Thumb Code     0  startup_stm32f10x_hd.o(.text)
    DMA1_Channel6_IRQHandler                 0x080018bf   Thumb Code     0  startup_stm32f10x_hd.o(.text)
    DMA1_Channel7_IRQHandler                 0x080018bf   Thumb Code     0  startup_stm32f10x_hd.o(.text)
    DMA2_Channel1_IRQHandler                 0x080018bf   Thumb Code     0  startup_stm32f10x_hd.o(.text)
    DMA2_Channel2_IRQHandler                 0x080018bf   Thumb Code     0  startup_stm32f10x_hd.o(.text)
    EXTI0_IRQHandler                         0x080018bf   Thumb Code     0  startup_stm32f10x_hd.o(.text)
    EXTI15_10_IRQHandler                     0x080018bf   Thumb Code     0  startup_stm32f10x_hd.o(.text)
    EXTI1_IRQHandler                         0x080018bf   Thumb Code     0  startup_stm32f10x_hd.o(.text)
    EXTI2_IRQHandler                         0x080018bf   Thumb Code     0  startup_stm32f10x_hd.o(.text)
    EXTI3_IRQHandler                         0x080018bf   Thumb Code     0  startup_stm32f10x_hd.o(.text)
    EXTI4_IRQHandler                         0x080018bf   Thumb Code     0  startup_stm32f10x_hd.o(.text)
    EXTI9_5_IRQHandler                       0x080018bf   Thumb Code     0  startup_stm32f10x_hd.o(.text)
    FLASH_IRQHandler                         0x080018bf   Thumb Code     0  startup_stm32f10x_hd.o(.text)
    FSMC_IRQHandler                          0x080018bf   Thumb Code     0  startup_stm32f10x_hd.o(.text)
    I2C1_ER_IRQHandler                       0x080018bf   Thumb Code     0  startup_stm32f10x_hd.o(.text)
    I2C1_EV_IRQHandler                       0x080018bf   Thumb Code     0  startup_stm32f10x_hd.o(.text)
    I2C2_ER_IRQHandler                       0x080018bf   Thumb Code     0  startup_stm32f10x_hd.o(.text)
    I2C2_EV_IRQHandler                       0x080018bf   Thumb Code     0  startup_stm32f10x_hd.o(.text)
    PVD_IRQHandler                           0x080018bf   Thumb Code     0  startup_stm32f10x_hd.o(.text)
    RCC_IRQHandler                           0x080018bf   Thumb Code     0  startup_stm32f10x_hd.o(.text)
    RTCAlarm_IRQHandler                      0x080018bf   Thumb Code     0  startup_stm32f10x_hd.o(.text)
    RTC_IRQHandler                           0x080018bf   Thumb Code     0  startup_stm32f10x_hd.o(.text)
    SDIO_IRQHandler                          0x080018bf   Thumb Code     0  startup_stm32f10x_hd.o(.text)
    SPI1_IRQHandler                          0x080018bf   Thumb Code     0  startup_stm32f10x_hd.o(.text)
    SPI2_IRQHandler                          0x080018bf   Thumb Code     0  startup_stm32f10x_hd.o(.text)
    SPI3_IRQHandler                          0x080018bf   Thumb Code     0  startup_stm32f10x_hd.o(.text)
    TAMPER_IRQHandler                        0x080018bf   Thumb Code     0  startup_stm32f10x_hd.o(.text)
    TIM1_BRK_IRQHandler                      0x080018bf   Thumb Code     0  startup_stm32f10x_hd.o(.text)
    TIM1_CC_IRQHandler                       0x080018bf   Thumb Code     0  startup_stm32f10x_hd.o(.text)
    TIM1_TRG_COM_IRQHandler                  0x080018bf   Thumb Code     0  startup_stm32f10x_hd.o(.text)
    TIM1_UP_IRQHandler                       0x080018bf   Thumb Code     0  startup_stm32f10x_hd.o(.text)
    TIM7_IRQHandler                          0x080018bf   Thumb Code     0  startup_stm32f10x_hd.o(.text)
    TIM8_BRK_IRQHandler                      0x080018bf   Thumb Code     0  startup_stm32f10x_hd.o(.text)
    TIM8_CC_IRQHandler                       0x080018bf   Thumb Code     0  startup_stm32f10x_hd.o(.text)
    TIM8_TRG_COM_IRQHandler                  0x080018bf   Thumb Code     0  startup_stm32f10x_hd.o(.text)
    TIM8_UP_IRQHandler                       0x080018bf   Thumb Code     0  startup_stm32f10x_hd.o(.text)
    UART4_IRQHandler                         0x080018bf   Thumb Code     0  startup_stm32f10x_hd.o(.text)
    UART5_IRQHandler                         0x080018bf   Thumb Code     0  startup_stm32f10x_hd.o(.text)
    USBWakeUp_IRQHandler                     0x080018bf   Thumb Code     0  startup_stm32f10x_hd.o(.text)
    USB_HP_CAN1_TX_IRQHandler                0x080018bf   Thumb Code     0  startup_stm32f10x_hd.o(.text)
    USB_LP_CAN1_RX0_IRQHandler               0x080018bf   Thumb Code     0  startup_stm32f10x_hd.o(.text)
    WWDG_IRQHandler                          0x080018bf   Thumb Code     0  startup_stm32f10x_hd.o(.text)
    NVIC_PriorityGroupConfig                 0x080018c9   Thumb Code    10  misc.o(.text)
    NVIC_Init                                0x080018d3   Thumb Code   100  misc.o(.text)
    NVIC_SetVectorTable                      0x08001937   Thumb Code    14  misc.o(.text)
    NVIC_SystemLPConfig                      0x08001945   Thumb Code    34  misc.o(.text)
    SysTick_CLKSourceConfig                  0x08001967   Thumb Code    40  misc.o(.text)
    GPIO_DeInit                              0x080019a5   Thumb Code   172  stm32f10x_gpio.o(.text)
    GPIO_AFIODeInit                          0x08001a51   Thumb Code    20  stm32f10x_gpio.o(.text)
    GPIO_Init                                0x08001a65   Thumb Code   278  stm32f10x_gpio.o(.text)
    GPIO_StructInit                          0x08001b7b   Thumb Code    16  stm32f10x_gpio.o(.text)
    GPIO_ReadInputDataBit                    0x08001b8b   Thumb Code    18  stm32f10x_gpio.o(.text)
    GPIO_ReadInputData                       0x08001b9d   Thumb Code     8  stm32f10x_gpio.o(.text)
    GPIO_ReadOutputDataBit                   0x08001ba5   Thumb Code    18  stm32f10x_gpio.o(.text)
    GPIO_ReadOutputData                      0x08001bb7   Thumb Code     8  stm32f10x_gpio.o(.text)
    GPIO_SetBits                             0x08001bbf   Thumb Code     4  stm32f10x_gpio.o(.text)
    GPIO_ResetBits                           0x08001bc3   Thumb Code     4  stm32f10x_gpio.o(.text)
    GPIO_WriteBit                            0x08001bc7   Thumb Code    10  stm32f10x_gpio.o(.text)
    GPIO_Write                               0x08001bd1   Thumb Code     4  stm32f10x_gpio.o(.text)
    GPIO_PinLockConfig                       0x08001bd5   Thumb Code    18  stm32f10x_gpio.o(.text)
    GPIO_EventOutputConfig                   0x08001be7   Thumb Code    26  stm32f10x_gpio.o(.text)
    GPIO_EventOutputCmd                      0x08001c01   Thumb Code     6  stm32f10x_gpio.o(.text)
    GPIO_PinRemapConfig                      0x08001c07   Thumb Code   138  stm32f10x_gpio.o(.text)
    GPIO_EXTILineConfig                      0x08001c91   Thumb Code    66  stm32f10x_gpio.o(.text)
    GPIO_ETH_MediaInterfaceConfig            0x08001cd3   Thumb Code     8  stm32f10x_gpio.o(.text)
    RCC_DeInit                               0x08001d01   Thumb Code    64  stm32f10x_rcc.o(.text)
    RCC_HSEConfig                            0x08001d41   Thumb Code    70  stm32f10x_rcc.o(.text)
    RCC_GetFlagStatus                        0x08001d87   Thumb Code    56  stm32f10x_rcc.o(.text)
    RCC_WaitForHSEStartUp                    0x08001dbf   Thumb Code    56  stm32f10x_rcc.o(.text)
    RCC_AdjustHSICalibrationValue            0x08001df7   Thumb Code    20  stm32f10x_rcc.o(.text)
    RCC_HSICmd                               0x08001e0b   Thumb Code     6  stm32f10x_rcc.o(.text)
    RCC_PLLConfig                            0x08001e11   Thumb Code    24  stm32f10x_rcc.o(.text)
    RCC_PLLCmd                               0x08001e29   Thumb Code     6  stm32f10x_rcc.o(.text)
    RCC_SYSCLKConfig                         0x08001e2f   Thumb Code    18  stm32f10x_rcc.o(.text)
    RCC_GetSYSCLKSource                      0x08001e41   Thumb Code    10  stm32f10x_rcc.o(.text)
    RCC_HCLKConfig                           0x08001e4b   Thumb Code    18  stm32f10x_rcc.o(.text)
    RCC_PCLK1Config                          0x08001e5d   Thumb Code    18  stm32f10x_rcc.o(.text)
    RCC_PCLK2Config                          0x08001e6f   Thumb Code    20  stm32f10x_rcc.o(.text)
    RCC_ITConfig                             0x08001e83   Thumb Code    26  stm32f10x_rcc.o(.text)
    RCC_USBCLKConfig                         0x08001e9d   Thumb Code     8  stm32f10x_rcc.o(.text)
    RCC_ADCCLKConfig                         0x08001ea5   Thumb Code    18  stm32f10x_rcc.o(.text)
    RCC_LSEConfig                            0x08001eb7   Thumb Code    50  stm32f10x_rcc.o(.text)
    RCC_LSICmd                               0x08001ee9   Thumb Code     6  stm32f10x_rcc.o(.text)
    RCC_RTCCLKConfig                         0x08001eef   Thumb Code    12  stm32f10x_rcc.o(.text)
    RCC_RTCCLKCmd                            0x08001efb   Thumb Code     8  stm32f10x_rcc.o(.text)
    RCC_GetClocksFreq                        0x08001f03   Thumb Code   192  stm32f10x_rcc.o(.text)
    RCC_AHBPeriphClockCmd                    0x08001fc3   Thumb Code    26  stm32f10x_rcc.o(.text)
    RCC_APB2PeriphClockCmd                   0x08001fdd   Thumb Code    26  stm32f10x_rcc.o(.text)
    RCC_APB1PeriphClockCmd                   0x08001ff7   Thumb Code    26  stm32f10x_rcc.o(.text)
    RCC_APB2PeriphResetCmd                   0x08002011   Thumb Code    26  stm32f10x_rcc.o(.text)
    RCC_APB1PeriphResetCmd                   0x0800202b   Thumb Code    26  stm32f10x_rcc.o(.text)
    RCC_BackupResetCmd                       0x08002045   Thumb Code     8  stm32f10x_rcc.o(.text)
    RCC_ClockSecuritySystemCmd               0x0800204d   Thumb Code     6  stm32f10x_rcc.o(.text)
    RCC_MCOConfig                            0x08002053   Thumb Code     6  stm32f10x_rcc.o(.text)
    RCC_ClearFlag                            0x08002059   Thumb Code    14  stm32f10x_rcc.o(.text)
    RCC_GetITStatus                          0x08002067   Thumb Code    20  stm32f10x_rcc.o(.text)
    RCC_ClearITPendingBit                    0x0800207b   Thumb Code     6  stm32f10x_rcc.o(.text)
    USART_DeInit                             0x080020a5   Thumb Code   134  stm32f10x_usart.o(.text)
    USART_Init                               0x0800212b   Thumb Code   210  stm32f10x_usart.o(.text)
    USART_StructInit                         0x080021fd   Thumb Code    24  stm32f10x_usart.o(.text)
    USART_ClockInit                          0x08002215   Thumb Code    34  stm32f10x_usart.o(.text)
    USART_ClockStructInit                    0x08002237   Thumb Code    12  stm32f10x_usart.o(.text)
    USART_Cmd                                0x08002243   Thumb Code    24  stm32f10x_usart.o(.text)
    USART_ITConfig                           0x0800225b   Thumb Code    74  stm32f10x_usart.o(.text)
    USART_DMACmd                             0x080022a5   Thumb Code    18  stm32f10x_usart.o(.text)
    USART_SetAddress                         0x080022b7   Thumb Code    18  stm32f10x_usart.o(.text)
    USART_WakeUpConfig                       0x080022c9   Thumb Code    18  stm32f10x_usart.o(.text)
    USART_ReceiverWakeUpCmd                  0x080022db   Thumb Code    24  stm32f10x_usart.o(.text)
    USART_LINBreakDetectLengthConfig         0x080022f3   Thumb Code    18  stm32f10x_usart.o(.text)
    USART_LINCmd                             0x08002305   Thumb Code    24  stm32f10x_usart.o(.text)
    USART_SendData                           0x0800231d   Thumb Code     8  stm32f10x_usart.o(.text)
    USART_ReceiveData                        0x08002325   Thumb Code    10  stm32f10x_usart.o(.text)
    USART_SendBreak                          0x0800232f   Thumb Code    10  stm32f10x_usart.o(.text)
    USART_SetGuardTime                       0x08002339   Thumb Code    16  stm32f10x_usart.o(.text)
    USART_SetPrescaler                       0x08002349   Thumb Code    16  stm32f10x_usart.o(.text)
    USART_SmartCardCmd                       0x08002359   Thumb Code    24  stm32f10x_usart.o(.text)
    USART_SmartCardNACKCmd                   0x08002371   Thumb Code    24  stm32f10x_usart.o(.text)
    USART_HalfDuplexCmd                      0x08002389   Thumb Code    24  stm32f10x_usart.o(.text)
    USART_OverSampling8Cmd                   0x080023a1   Thumb Code    22  stm32f10x_usart.o(.text)
    USART_OneBitMethodCmd                    0x080023b7   Thumb Code    24  stm32f10x_usart.o(.text)
    USART_IrDAConfig                         0x080023cf   Thumb Code    18  stm32f10x_usart.o(.text)
    USART_IrDACmd                            0x080023e1   Thumb Code    24  stm32f10x_usart.o(.text)
    USART_GetFlagStatus                      0x080023f9   Thumb Code    26  stm32f10x_usart.o(.text)
    USART_ClearFlag                          0x08002413   Thumb Code    18  stm32f10x_usart.o(.text)
    USART_GetITStatus                        0x08002425   Thumb Code    84  stm32f10x_usart.o(.text)
    USART_ClearITPendingBit                  0x08002479   Thumb Code    52  stm32f10x_usart.o(.text)
    DMA_DeInit                               0x080024ad   Thumb Code   324  stm32f10x_dma.o(.text)
    DMA_Init                                 0x080025f1   Thumb Code    60  stm32f10x_dma.o(.text)
    DMA_StructInit                           0x0800262d   Thumb Code    26  stm32f10x_dma.o(.text)
    DMA_Cmd                                  0x08002647   Thumb Code    24  stm32f10x_dma.o(.text)
    DMA_ITConfig                             0x0800265f   Thumb Code    18  stm32f10x_dma.o(.text)
    DMA_SetCurrDataCounter                   0x08002671   Thumb Code     4  stm32f10x_dma.o(.text)
    DMA_GetCurrDataCounter                   0x08002675   Thumb Code     8  stm32f10x_dma.o(.text)
    DMA_GetFlagStatus                        0x0800267d   Thumb Code    40  stm32f10x_dma.o(.text)
    DMA_ClearFlag                            0x080026a5   Thumb Code    22  stm32f10x_dma.o(.text)
    DMA_GetITStatus                          0x080026bb   Thumb Code    40  stm32f10x_dma.o(.text)
    DMA_ClearITPendingBit                    0x080026e3   Thumb Code    22  stm32f10x_dma.o(.text)
    Xianfu_Pwm                               0x08002701   Thumb Code   114  control.o(.text)
    Incremental_PI_D                         0x08002773   Thumb Code   146  control.o(.text)
    Incremental_PI_C                         0x08002805   Thumb Code   146  control.o(.text)
    Incremental_PI_B                         0x08002897   Thumb Code   146  control.o(.text)
    Incremental_PI_A                         0x08002929   Thumb Code   146  control.o(.text)
    TIM6_IRQHandler                          0x080029bb   Thumb Code   454  control.o(.text)
    Set_Pwm                                  0x08002b81   Thumb Code   200  control.o(.text)
    Xianfu_Velocity                          0x08002c49   Thumb Code   116  control.o(.text)
    Turn_Off                                 0x08002cbd   Thumb Code    76  control.o(.text)
    myabs                                    0x08002d09   Thumb Code    14  control.o(.text)
    Position_PID_A                           0x08002d17   Thumb Code   172  control.o(.text)
    Position_PID_B                           0x08002dc3   Thumb Code   172  control.o(.text)
    Position_PID_C                           0x08002e6f   Thumb Code   172  control.o(.text)
    Position_PID_D                           0x08002f1b   Thumb Code   296  control.o(.text)
    Get_RC                                   0x08003043   Thumb Code     2  control.o(.text)
    __aeabi_memcpy                           0x08003059   Thumb Code    36  memcpya.o(.text)
    __aeabi_memcpy4                          0x08003059   Thumb Code     0  memcpya.o(.text)
    __aeabi_memcpy8                          0x08003059   Thumb Code     0  memcpya.o(.text)
    __aeabi_fadd                             0x0800307d   Thumb Code   164  fadd.o(.text)
    __aeabi_fsub                             0x08003121   Thumb Code     6  fadd.o(.text)
    __aeabi_frsub                            0x08003127   Thumb Code     6  fadd.o(.text)
    __aeabi_fmul                             0x0800312d   Thumb Code   100  fmul.o(.text)
    __aeabi_fdiv                             0x08003191   Thumb Code   124  fdiv.o(.text)
    __aeabi_i2f                              0x0800320d   Thumb Code    18  fflti.o(.text)
    __aeabi_f2iz                             0x0800321f   Thumb Code    50  ffixi.o(.text)
    __aeabi_cfcmpeq                          0x08003251   Thumb Code     0  cfcmple.o(.text)
    __aeabi_cfcmple                          0x08003251   Thumb Code    20  cfcmple.o(.text)
    __aeabi_cfrcmple                         0x08003265   Thumb Code    20  cfrcmple.o(.text)
    __I$use$fp                               0x08003279   Thumb Code     0  iusefp.o(.text)
    _float_round                             0x08003279   Thumb Code    18  fepilogue.o(.text)
    _float_epilogue                          0x0800328b   Thumb Code    92  fepilogue.o(.text)
    __scatterload                            0x080032e9   Thumb Code    28  init.o(.text)
    __scatterload_rt2                        0x080032e9   Thumb Code     0  init.o(.text)
    __decompress                             0x0800330d   Thumb Code     0  __dczerorl2.o(.text)
    __decompress1                            0x0800330d   Thumb Code    86  __dczerorl2.o(.text)
    __scatterload_copy                       0x08003363   Thumb Code    14  handlers.o(i.__scatterload_copy)
    __scatterload_null                       0x08003371   Thumb Code     2  handlers.o(i.__scatterload_null)
    __scatterload_zeroinit                   0x08003373   Thumb Code    14  handlers.o(i.__scatterload_zeroinit)
    Region$$Table$$Base                      0x08003380   Number         0  anon$$obj.o(Region$$Table)
    Region$$Table$$Limit                     0x080033a0   Number         0  anon$$obj.o(Region$$Table)
    Target_A                                 0x20000000   Data           4  main.o(.data)
    Target_B                                 0x20000004   Data           4  main.o(.data)
    Target_C                                 0x20000008   Data           4  main.o(.data)
    Target_D                                 0x2000000c   Data           4  main.o(.data)
    Target                                   0x20000010   Data           4  main.o(.data)
    ucReceiveGlobal                          0x20000014   Data           5  main.o(.data)
    SystemCoreClock                          0x2000001c   Data           4  system_stm32f10x.o(.data)
    AHBPrescTable                            0x20000020   Data          16  system_stm32f10x.o(.data)
    uchCRCHi                                 0x20000030   Data           1  modbuscrc16.o(.data)
    uchCRCLo                                 0x20000031   Data           1  modbuscrc16.o(.data)
    auchCRCHi                                0x20000032   Data         256  modbuscrc16.o(.data)
    auchCRCLo                                0x20000132   Data         256  modbuscrc16.o(.data)
    puCcurrent_Receive_Point                 0x20000234   Data           4  dma.o(.data)
    __stdout                                 0x2000023c   Data           4  usart.o(.data)
    USART_RX_STA                             0x20000240   Data           2  usart.o(.data)
    Motor_A                                  0x20000258   Data           4  app_main.o(.data)
    Motor_B                                  0x2000025c   Data           4  app_main.o(.data)
    Motor_C                                  0x20000260   Data           4  app_main.o(.data)
    Motor_D                                  0x20000264   Data           4  app_main.o(.data)
    Encoder_A                                0x20000268   Data           4  app_main.o(.data)
    Encoder_B                                0x2000026c   Data           4  app_main.o(.data)
    Encoder_C                                0x20000270   Data           4  app_main.o(.data)
    Encoder_D                                0x20000274   Data           4  app_main.o(.data)
    Position_A                               0x20000278   Data           4  app_main.o(.data)
    Position_B                               0x2000027c   Data           4  app_main.o(.data)
    Position_C                               0x20000280   Data           4  app_main.o(.data)
    Position_D                               0x20000284   Data           4  app_main.o(.data)
    Rate_A                                   0x20000288   Data           4  app_main.o(.data)
    Rate_B                                   0x2000028c   Data           4  app_main.o(.data)
    Rate_C                                   0x20000290   Data           4  app_main.o(.data)
    Rate_D                                   0x20000294   Data           4  app_main.o(.data)
    Velocity_KP                              0x20000298   Data           4  app_main.o(.data)
    Velocity_KI                              0x2000029c   Data           4  app_main.o(.data)
    Position_KP                              0x200002a0   Data           4  app_main.o(.data)
    Position_KI                              0x200002a4   Data           4  app_main.o(.data)
    Position_KD                              0x200002a8   Data           4  app_main.o(.data)
    uart_data_array                          0x200002ac   Data          40  control.o(.data)
    ptemp                                    0x200002d4   Data           4  control.o(.data)
    led_delayCount                           0x200002d8   Data           1  control.o(.data)
    ucDma_Receive                            0x2000034c   Data          20  dma.o(.bss)
    DMA_UART_STRU                            0x20000360   Data          12  dma.o(.bss)
    ucANO_TC_Dma_Receive                     0x2000036c   Data          30  ano_tc.o(.bss)
    ucANO_TC_Dma_Send                        0x2000038a   Data          30  ano_tc.o(.bss)
    USART_RX_BUF                             0x200003a8   Data         200  usart.o(.bss)
    __initial_sp                             0x20000870   Data           0  startup_stm32f10x_hd.o(STACK)



==============================================================================

Memory Map of the image

  Image Entry point : 0x08000131

  Load Region LR_IROM1 (Base: 0x08000000, Size: 0x000036ec, Max: 0x00040000, ABSOLUTE, COMPRESSED[0x000034f8])

    Execution Region ER_IROM1 (Exec base: 0x08000000, Load base: 0x08000000, Size: 0x000033a0, Max: 0x00040000, ABSOLUTE)

    Exec Addr    Load Addr    Size         Type   Attr      Idx    E Section Name        Object

    0x08000000   0x08000000   0x00000130   Data   RO          363    RESET               startup_stm32f10x_hd.o
    0x08000130   0x08000130   0x00000000   Code   RO          485  * .ARM.Collect$$$$00000000  mc_w.l(entry.o)
    0x08000130   0x08000130   0x00000004   Code   RO          506    .ARM.Collect$$$$00000001  mc_w.l(entry2.o)
    0x08000134   0x08000134   0x00000004   Code   RO          509    .ARM.Collect$$$$00000004  mc_w.l(entry5.o)
    0x08000138   0x08000138   0x00000000   Code   RO          511    .ARM.Collect$$$$00000008  mc_w.l(entry7b.o)
    0x08000138   0x08000138   0x00000000   Code   RO          513    .ARM.Collect$$$$0000000A  mc_w.l(entry8b.o)
    0x08000138   0x08000138   0x00000008   Code   RO          514    .ARM.Collect$$$$0000000B  mc_w.l(entry9a.o)
    0x08000140   0x08000140   0x00000000   Code   RO          516    .ARM.Collect$$$$0000000D  mc_w.l(entry10a.o)
    0x08000140   0x08000140   0x00000000   Code   RO          518    .ARM.Collect$$$$0000000F  mc_w.l(entry11a.o)
    0x08000140   0x08000140   0x00000004   Code   RO          507    .ARM.Collect$$$$00002712  mc_w.l(entry2.o)
    0x08000144   0x08000144   0x00000670   Code   RO            1    .text               main.o
    0x080007b4   0x080007b4   0x0000001a   Code   RO          105    .text               stm32f10x_it.o
    0x080007ce   0x080007ce   0x00000002   PAD
    0x080007d0   0x080007d0   0x000001e0   Code   RO          140    .text               system_stm32f10x.o
    0x080009b0   0x080009b0   0x00000038   Code   RO          158    .text               led.o
    0x080009e8   0x080009e8   0x0000005c   Code   RO          170    .text               modbuscrc16.o
    0x08000a44   0x08000a44   0x00000044   Code   RO          185    .text               timer.o
    0x08000a88   0x08000a88   0x000000f8   Code   RO          197    .text               dma.o
    0x08000b80   0x08000b80   0x000000d0   Code   RO          216    .text               usart2.o
    0x08000c50   0x08000c50   0x00000120   Code   RO          231    .text               usart3.o
    0x08000d70   0x08000d70   0x00000100   Code   RO          246    .text               uart4.o
    0x08000e70   0x08000e70   0x00000428   Code   RO          258    .text               encoder.o
    0x08001298   0x08001298   0x00000184   Code   RO          270    .text               motor.o
    0x0800141c   0x0800141c   0x000001dc   Code   RO          282    .text               ano_tc.o
    0x080015f8   0x080015f8   0x000000d4   Code   RO          297    .text               delay.o
    0x080016cc   0x080016cc   0x000000b4   Code   RO          312    .text               sys.o
    0x08001780   0x08001780   0x00000124   Code   RO          328    .text               usart.o
    0x080018a4   0x080018a4   0x00000024   Code   RO          364    .text               startup_stm32f10x_hd.o
    0x080018c8   0x080018c8   0x000000dc   Code   RO          368    .text               misc.o
    0x080019a4   0x080019a4   0x0000035c   Code   RO          380    .text               stm32f10x_gpio.o
    0x08001d00   0x08001d00   0x000003a4   Code   RO          392    .text               stm32f10x_rcc.o
    0x080020a4   0x080020a4   0x00000408   Code   RO          406    .text               stm32f10x_usart.o
    0x080024ac   0x080024ac   0x00000254   Code   RO          418    .text               stm32f10x_dma.o
    0x08002700   0x08002700   0x00000958   Code   RO          466    .text               control.o
    0x08003058   0x08003058   0x00000024   Code   RO          488    .text               mc_w.l(memcpya.o)
    0x0800307c   0x0800307c   0x000000b0   Code   RO          492    .text               mf_w.l(fadd.o)
    0x0800312c   0x0800312c   0x00000064   Code   RO          494    .text               mf_w.l(fmul.o)
    0x08003190   0x08003190   0x0000007c   Code   RO          496    .text               mf_w.l(fdiv.o)
    0x0800320c   0x0800320c   0x00000012   Code   RO          498    .text               mf_w.l(fflti.o)
    0x0800321e   0x0800321e   0x00000032   Code   RO          500    .text               mf_w.l(ffixi.o)
    0x08003250   0x08003250   0x00000014   Code   RO          502    .text               mf_w.l(cfcmple.o)
    0x08003264   0x08003264   0x00000014   Code   RO          504    .text               mf_w.l(cfrcmple.o)
    0x08003278   0x08003278   0x00000000   Code   RO          520    .text               mc_w.l(iusefp.o)
    0x08003278   0x08003278   0x0000006e   Code   RO          521    .text               mf_w.l(fepilogue.o)
    0x080032e6   0x080032e6   0x00000002   PAD
    0x080032e8   0x080032e8   0x00000024   Code   RO          523    .text               mc_w.l(init.o)
    0x0800330c   0x0800330c   0x00000056   Code   RO          533    .text               mc_w.l(__dczerorl2.o)
    0x08003362   0x08003362   0x0000000e   Code   RO          527    i.__scatterload_copy  mc_w.l(handlers.o)
    0x08003370   0x08003370   0x00000002   Code   RO          528    i.__scatterload_null  mc_w.l(handlers.o)
    0x08003372   0x08003372   0x0000000e   Code   RO          529    i.__scatterload_zeroinit  mc_w.l(handlers.o)
    0x08003380   0x08003380   0x00000020   Data   RO          525    Region$$Table       anon$$obj.o


    Execution Region RW_IRAM1 (Exec base: 0x20000000, Load base: 0x080033a0, Size: 0x00000870, Max: 0x0000c000, ABSOLUTE, COMPRESSED[0x00000158])

    Exec Addr    Load Addr    Size         Type   Attr      Idx    E Section Name        Object

    0x20000000   COMPRESSED   0x00000019   Data   RW            2    .data               main.o
    0x20000019   COMPRESSED   0x00000003   PAD
    0x2000001c   COMPRESSED   0x00000014   Data   RW          141    .data               system_stm32f10x.o
    0x20000030   COMPRESSED   0x00000202   Data   RW          171    .data               modbuscrc16.o
    0x20000232   COMPRESSED   0x00000002   PAD
    0x20000234   COMPRESSED   0x00000004   Data   RW          199    .data               dma.o
    0x20000238   COMPRESSED   0x00000004   Data   RW          298    .data               delay.o
    0x2000023c   COMPRESSED   0x00000006   Data   RW          330    .data               usart.o
    0x20000242   COMPRESSED   0x00000014   Data   RW          393    .data               stm32f10x_rcc.o
    0x20000256   COMPRESSED   0x00000002   PAD
    0x20000258   COMPRESSED   0x00000054   Data   RW          444    .data               app_main.o
    0x200002ac   COMPRESSED   0x000000a0   Data   RW          467    .data               control.o
    0x2000034c        -       0x00000020   Zero   RW          198    .bss                dma.o
    0x2000036c        -       0x0000003c   Zero   RW          283    .bss                ano_tc.o
    0x200003a8        -       0x000000c8   Zero   RW          329    .bss                usart.o
    0x20000470        -       0x00000400   Zero   RW          361    STACK               startup_stm32f10x_hd.o


==============================================================================

Image component sizes


      Code (inc. data)   RO Data    RW Data    ZI Data      Debug   Object Name

       476         16          0          0         60       3489   ano_tc.o
         0          0          0         84          0       1549   app_main.o
      2392        292          0        160          0       6170   control.o
       212         18          0          4          0       1199   delay.o
       248         28          0          4         32       3642   dma.o
      1064         36          0          0          0       2007   encoder.o
        56          6          0          0          0        559   led.o
      1648        112          0         25          0     246209   main.o
       220         22          0          0          0       1953   misc.o
        92         16          0        514          0       1589   modbuscrc16.o
       388         18          0          0          0       1081   motor.o
        36          8        304          0       1024        872   startup_stm32f10x_hd.o
       596          8          0          0          0       4518   stm32f10x_dma.o
       860         38          0          0          0       5889   stm32f10x_gpio.o
        26          0          0          0          0       1258   stm32f10x_it.o
       932         36          0         20          0       9148   stm32f10x_rcc.o
      1032         22          0          0          0       8612   stm32f10x_usart.o
       180         12          0          0          0       1285   sys.o
       480         38          0         20          0       1971   system_stm32f10x.o
        68         10          0          0          0        640   timer.o
       256         10          0          0          0       1922   uart4.o
       292         18          0          6        200       3366   usart.o
       208         14          0          0          0       1675   usart2.o
       288         10          0          0          0       1990   usart3.o

    ----------------------------------------------------------------------
     12052        788        336        844       1316     312593   Object Totals
         0          0         32          0          0          0   (incl. Generated)
         2          0          0          7          0          0   (incl. Padding)

    ----------------------------------------------------------------------

      Code (inc. data)   RO Data    RW Data    ZI Data      Debug   Library Member Name

        86          0          0          0          0          0   __dczerorl2.o
         0          0          0          0          0          0   entry.o
         0          0          0          0          0          0   entry10a.o
         0          0          0          0          0          0   entry11a.o
         8          4          0          0          0          0   entry2.o
         4          0          0          0          0          0   entry5.o
         0          0          0          0          0          0   entry7b.o
         0          0          0          0          0          0   entry8b.o
         8          4          0          0          0          0   entry9a.o
        30          0          0          0          0          0   handlers.o
        36          8          0          0          0         68   init.o
         0          0          0          0          0          0   iusefp.o
        36          0          0          0          0         68   memcpya.o
        20          0          0          0          0         68   cfcmple.o
        20          0          0          0          0         68   cfrcmple.o
       176          0          0          0          0        140   fadd.o
       124          0          0          0          0         88   fdiv.o
       110          0          0          0          0        168   fepilogue.o
        50          0          0          0          0         68   ffixi.o
        18          0          0          0          0         68   fflti.o
       100          0          0          0          0         76   fmul.o

    ----------------------------------------------------------------------
       828         16          0          0          0        880   Library Totals
         2          0          0          0          0          0   (incl. Padding)

    ----------------------------------------------------------------------

      Code (inc. data)   RO Data    RW Data    ZI Data      Debug   Library Name

       208         16          0          0          0        136   mc_w.l
       618          0          0          0          0        744   mf_w.l

    ----------------------------------------------------------------------
       828         16          0          0          0        880   Library Totals

    ----------------------------------------------------------------------

==============================================================================


      Code (inc. data)   RO Data    RW Data    ZI Data      Debug   

     12880        804        336        844       1316     311313   Grand Totals
     12880        804        336        344       1316     311313   ELF Image Totals (compressed)
     12880        804        336        344          0          0   ROM Totals

==============================================================================

    Total RO  Size (Code + RO Data)                13216 (  12.91kB)
    Total RW  Size (RW Data + ZI Data)              2160 (   2.11kB)
    Total ROM Size (Code + RO Data + RW Data)      13560 (  13.24kB)

==============================================================================

