C51 COMPILER V9.60.0.0   UART3                                                             01/02/2020 14:18:48 PAGE 1   


C51 COMPILER V9.60.0.0, COMPILATION OF MODULE UART3
OBJECT MODULE PLACED IN ..\Objects\uart3.obj
COMPILER INVOKED BY: F:\Keil_v5\C51\BIN\C51.EXE ..\HARDWARE\uart3\uart3.c OPTIMIZE(8,SPEED) BROWSE INCDIR(..\USER;..\HAR
                    -DWARE\ccp;..\HARDWARE\djiReceiver_dr16;..\HARDWARE\timer1;..\HARDWARE\uart1;..\HARDWARE\uart2;..\HARDWARE\uart3;..\HARDW
                    -ARE\TableTennisDevice;..\HARDWARE\ModbusCRC16) DEBUG OBJECTEXTEND PRINT(..\Listings\uart3.lst) OBJECT(..\Objects\uart3.o
                    -bj)

line level    source

   1          #include "uart3.h"
   2          
   3          #if configUSE_UART3_MODE
              #define FOSC            24000000UL
              #define BRT3             (65536 - FOSC / 100000 / 4)
              
              void UART3_Isr() interrupt 17
              {
                  if (S3CON & 0x01)
                  {
                      S3CON &= ~0x01;                         //清中断标志
                  }
              }
              
              void Uart3Init(void)            //9600bps@24.000MHz
              {
              
                      
                      S3CON = 0x10;           //8位数据,可变波特率
                      S3CON |= 0x40;          //串口3选择定时器3为波特率发生器
                      T4T3M |= 0x02;          //定时器3时钟为Fosc,即1T
                      T3L = BRT3;
                  T3H = BRT3 >> 8;
                      T4T3M |= 0x08;          //启动定时器3
                  IE2 |= ES3;                                  //使能串口中断
               //   EA = 1;
              }
              
              void Uart3Send(char dat)
              {
                      S3BUF = dat;
                  while ((S3CON & 0x02)!=0x02);
                  S3CON &= ~0x02; 
              }
              
              void Uart3SendStr(char *p)
              {
                  while (*p!='\0')
                  {
                      Uart3Send(*p++);
                  }
              }
              
              void Uart3SendStrLen(uint8_t *p,uint8_t length)
              {
                  while (length--)
                  {
                      Uart3Send(*p++);
                  }
              }
              #endif

C51 COMPILER V9.60.0.0   UART3                                                             01/02/2020 14:18:48 PAGE 2   


MODULE INFORMATION:   STATIC OVERLAYABLE
   CODE SIZE        =   ----    ----
   CONSTANT SIZE    =   ----    ----
   XDATA SIZE       =   ----    ----
   PDATA SIZE       =   ----    ----
   DATA SIZE        =   ----    ----
   IDATA SIZE       =   ----    ----
   BIT SIZE         =   ----    ----
END OF MODULE INFORMATION.


C51 COMPILATION COMPLETE.  0 WARNING(S),  0 ERROR(S)
