C51 COMPILER V9.60.0.0   UART1                                                             01/08/2020 15:17:05 PAGE 1   


C51 COMPILER V9.60.0.0, COMPILATION OF MODULE UART1
OBJECT MODULE PLACED IN ..\Objects\uart1.obj
COMPILER INVOKED BY: F:\Keil_v5\C51\BIN\C51.EXE ..\HARDWARE\uart1\uart1.c OPTIMIZE(8,SPEED) BROWSE INCDIR(..\USER;..\HAR
                    -DWARE\ccp;..\HARDWARE\djiReceiver_dr16;..\HARDWARE\timer1;..\HARDWARE\uart1;..\HARDWARE\uart2;..\HARDWARE\uart3;..\HARDW
                    -ARE\TableTennisDevice;..\HARDWARE\ModbusCRC16) DEBUG OBJECTEXTEND PRINT(..\Listings\uart1.lst) TABS(2) OBJECT(..\Objects
                    -\uart1.obj)

line level    source

   1          
   2          #include "uart1.h"
   3          
   4          #if configUSE_UART1_MODE
   5          
   6          #define FOSC            24000000UL
   7          #define BRT             (65536 - FOSC / 100000 / 4)
   8          
   9          
  10          
  11          
  12          void UartIsr() interrupt 4 using 1
  13          {
  14   1          if (RI)
  15   1          {
  16   2              RI = 0;
  17   2          DR16DataAnalysis(SBUF);
  18   2          }
  19   1      }
  20          
  21          void Uart1Init()
  22          {
  23   1          SCON |= 0x50;
  24   1          TMOD |= 0x00;
  25   1          TL1 = BRT;
  26   1          TH1 = BRT >> 8;
  27   1          TR1 = 1;
  28   1          AUXR |= 0x40;
  29   1        ES=1;
  30   1        EA=1;
  31   1      }
  32          
  33          void Uart1Send(uint8_t dat)
  34          {
  35   1          SBUF = dat;
  36   1        while (!TI);
  37   1          TI=0;
  38   1          
  39   1      }
  40          
  41          void Uart1SendStr(uint8_t *p)
  42          {
  43   1          while (*p)
  44   1          {
  45   2              Uart1Send(*p++);
  46   2          }
  47   1      }
  48          
  49          void Uart1SendStrLen(uint8_t *p,uint8_t length)
  50          {
  51   1          while (length--)
  52   1          {
C51 COMPILER V9.60.0.0   UART1                                                             01/08/2020 15:17:05 PAGE 2   

  53   2              Uart1Send(*p++);
  54   2          }
  55   1      }
  56          
  57          #endif
  58          
  59          
  60          
  61          
  62          


MODULE INFORMATION:   STATIC OVERLAYABLE
   CODE SIZE        =    128    ----
   CONSTANT SIZE    =   ----    ----
   XDATA SIZE       =   ----    ----
   PDATA SIZE       =   ----    ----
   DATA SIZE        =   ----       6
   IDATA SIZE       =   ----    ----
   BIT SIZE         =   ----    ----
END OF MODULE INFORMATION.


C51 COMPILATION COMPLETE.  0 WARNING(S),  0 ERROR(S)
