Component: ARM Compiler 5.06 update 6 (build 750) Tool: armlink [4d35ed]

==============================================================================

Section Cross References

    main.o(.text) refers to main.o(.data) for Target_A
    main.o(.text) refers to dma.o(.bss) for DMA_UART_STRU
    main.o(.text) refers to stm32f10x_dma.o(.text) for DMA_Cmd
    main.o(.text) refers to modbuscrc16.o(.text) for ModBus_CRC
    main.o(.text) refers to stm32f10x_usart.o(.text) for USART_GetFlagStatus
    main.o(.text) refers to stm32f10x_rcc.o(.text) for RCC_APB2PeriphClockCmd
    main.o(.text) refers to stm32f10x_gpio.o(.text) for GPIO_PinRemapConfig
    main.o(.text) refers to delay.o(.text) for delay_init
    main.o(.text) refers to misc.o(.text) for NVIC_PriorityGroupConfig
    main.o(.text) refers to led.o(.text) for LED_Init
    main.o(.text) refers to usart.o(.text) for uart_init
    main.o(.text) refers to encoder.o(.text) for Encoder_Init_TIM2
    main.o(.text) refers to motor.o(.text) for Motor_PWM_Init
    main.o(.text) refers to uart4.o(.text) for uart4_init
    main.o(.text) refers to dma.o(.text) for Uart_Dma_Init
    main.o(.text) refers to timer.o(.text) for TIM6_Init
    main.o(.text) refers to dma.o(.data) for puCcurrent_Receive_Point
    main.o(.text) refers to system_stm32f10x.o(.data) for SystemCoreClock
    main.o(.text) refers to usmart_config.o(.data) for usmart_dev
    system_stm32f10x.o(.text) refers to system_stm32f10x.o(.data) for SystemCoreClock
    led.o(.text) refers to stm32f10x_rcc.o(.text) for RCC_APB2PeriphClockCmd
    led.o(.text) refers to stm32f10x_gpio.o(.text) for GPIO_Init
    modbuscrc16.o(.text) refers to modbuscrc16.o(.data) for uchCRCHi
    timer.o(.text) refers to sys.o(.text) for MY_NVIC_Init
    dma.o(.text) refers to stm32f10x_rcc.o(.text) for RCC_AHBPeriphClockCmd
    dma.o(.text) refers to stm32f10x_dma.o(.text) for DMA_Init
    dma.o(.text) refers to misc.o(.text) for NVIC_Init
    dma.o(.text) refers to dma.o(.bss) for ucDma_Receive
    dma.o(.text) refers to dma.o(.data) for puCcurrent_Receive_Point
    usart2.o(.text) refers to stm32f10x_usart.o(.text) for USART_GetITStatus
    usart2.o(.text) refers to stm32f10x_rcc.o(.text) for RCC_APB2PeriphClockCmd
    usart2.o(.text) refers to stm32f10x_gpio.o(.text) for GPIO_Init
    usart3.o(.text) refers to stm32f10x_usart.o(.text) for USART_GetITStatus
    usart3.o(.text) refers to stm32f10x_rcc.o(.text) for RCC_APB2PeriphClockCmd
    usart3.o(.text) refers to stm32f10x_gpio.o(.text) for GPIO_Init
    usart3.o(.text) refers to misc.o(.text) for NVIC_Init
    uart4.o(.text) refers to stm32f10x_usart.o(.text) for USART_GetITStatus
    uart4.o(.text) refers to stm32f10x_rcc.o(.text) for RCC_APB2PeriphClockCmd
    uart4.o(.text) refers to stm32f10x_gpio.o(.text) for GPIO_Init
    encoder.o(.text) refers to stm32f10x_rcc.o(.text) for RCC_APB2PeriphClockCmd
    encoder.o(.text) refers to stm32f10x_gpio.o(.text) for GPIO_PinRemapConfig
    encoder.o(.text) refers to sys.o(.text) for MY_NVIC_Init
    motor.o(.text) refers to stm32f10x_rcc.o(.text) for RCC_APB2PeriphClockCmd
    motor.o(.text) refers to stm32f10x_gpio.o(.text) for GPIO_Init
    control.o(.text) refers to fflti.o(.text) for __aeabi_i2f
    control.o(.text) refers to fmul.o(.text) for __aeabi_fmul
    control.o(.text) refers to fadd.o(.text) for __aeabi_fadd
    control.o(.text) refers to ffixi.o(.text) for __aeabi_f2iz
    control.o(.text) refers to encoder.o(.text) for Read_Encoder
    control.o(.text) refers to app_main.o(.data) for Motor_A
    control.o(.text) refers to control.o(.data) for Bias
    control.o(.text) refers to main.o(.data) for ucReceiveGlobal
    control.o(.text) refers to usart.o(.text) for Uart1_String_Send_Length
    control.o(.text) refers to cfrcmple.o(.text) for __aeabi_cfrcmple
    control.o(.text) refers to cfcmple.o(.text) for __aeabi_cfcmple
    control.o(.text) refers to fdiv.o(.text) for __aeabi_fdiv
    usmart.o(.text) refers to usmart_str.o(.text) for usmart_get_cmdname
    usmart.o(.text) refers to printf8.o(i.__0printf$8) for __2printf
    usmart.o(.text) refers to usmart.o(.data) for sys_cmd_tab
    usmart.o(.text) refers to usmart_config.o(.data) for usmart_dev
    usmart.o(.text) refers to stm32f10x_tim.o(.text) for TIM_ClearFlag
    usmart.o(.text) refers to stm32f10x_rcc.o(.text) for RCC_APB1PeriphClockCmd
    usmart.o(.text) refers to misc.o(.text) for NVIC_Init
    usmart.o(.text) refers to usart.o(.data) for USART_RX_STA
    usmart.o(.text) refers to usart.o(.bss) for USART_RX_BUF
    usmart.o(.data) refers to usmart.o(.conststring) for .conststring
    usmart_config.o(.data) refers to usmart.o(.text) for read_addr
    usmart_config.o(.data) refers to usmart_config.o(.conststring) for .conststring
    usmart_config.o(.data) refers to delay.o(.text) for delay_ms
    usmart_config.o(.data) refers to app_main.o(.text) for vSetPwm
    usmart_str.o(.text) refers to usmart_config.o(.data) for usmart_dev
[...]
    printf5.o(i.__0vsprintf$5) refers to printf5.o(i._printf_core) for _printf_core
    printf5.o(i.__0vsprintf$5) refers to printf5.o(i._sputc) for _sputc
    printf5.o(i._printf_core) refers to uldiv.o(.text) for __aeabi_uldivmod
    printf6.o(i.__0fprintf$6) refers to printf6.o(i._printf_core) for _printf_core
    printf6.o(i.__0fprintf$6) refers to usart.o(.text) for fputc
    printf6.o(i.__0printf$6) refers to printf6.o(i._printf_core) for _printf_core
    printf6.o(i.__0printf$6) refers to usart.o(.text) for fputc
    printf6.o(i.__0printf$6) refers to usart.o(.data) for __stdout
    printf6.o(i.__0snprintf$6) refers to printf6.o(i._printf_core) for _printf_core
    printf6.o(i.__0snprintf$6) refers to printf6.o(i._snputc) for _snputc
    printf6.o(i.__0sprintf$6) refers to printf6.o(i._printf_core) for _printf_core
    printf6.o(i.__0sprintf$6) refers to printf6.o(i._sputc) for _sputc
    printf6.o(i.__0vfprintf$6) refers to printf6.o(i._printf_core) for _printf_core
    printf6.o(i.__0vfprintf$6) refers to usart.o(.text) for fputc
    printf6.o(i.__0vprintf$6) refers to printf6.o(i._printf_core) for _printf_core
    printf6.o(i.__0vprintf$6) refers to usart.o(.text) for fputc
    printf6.o(i.__0vprintf$6) refers to usart.o(.data) for __stdout
    printf6.o(i.__0vsnprintf$6) refers to printf6.o(i._printf_core) for _printf_core
    printf6.o(i.__0vsnprintf$6) refers to printf6.o(i._snputc) for _snputc
    printf6.o(i.__0vsprintf$6) refers to printf6.o(i._printf_core) for _printf_core
    printf6.o(i.__0vsprintf$6) refers to printf6.o(i._sputc) for _sputc
    printf6.o(i._printf_core) refers to printf6.o(i._printf_pre_padding) for _printf_pre_padding
    printf6.o(i._printf_core) refers to uidiv.o(.text) for __aeabi_uidivmod
    printf6.o(i._printf_core) refers to printf6.o(i._printf_post_padding) for _printf_post_padding
    printf7.o(i.__0fprintf$7) refers to printf7.o(i._printf_core) for _printf_core
    printf7.o(i.__0fprintf$7) refers to usart.o(.text) for fputc
    printf7.o(i.__0printf$7) refers to printf7.o(i._printf_core) for _printf_core
    printf7.o(i.__0printf$7) refers to usart.o(.text) for fputc
    printf7.o(i.__0printf$7) refers to usart.o(.data) for __stdout
    printf7.o(i.__0snprintf$7) refers to printf7.o(i._printf_core) for _printf_core
    printf7.o(i.__0snprintf$7) refers to printf7.o(i._snputc) for _snputc
    printf7.o(i.__0sprintf$7) refers to printf7.o(i._printf_core) for _printf_core
    printf7.o(i.__0sprintf$7) refers to printf7.o(i._sputc) for _sputc
    printf7.o(i.__0vfprintf$7) refers to printf7.o(i._printf_core) for _printf_core
    printf7.o(i.__0vfprintf$7) refers to usart.o(.text) for fputc
    printf7.o(i.__0vprintf$7) refers to printf7.o(i._printf_core) for _printf_core
    printf7.o(i.__0vprintf$7) refers to usart.o(.text) for fputc
    printf7.o(i.__0vprintf$7) refers to usart.o(.data) for __stdout
    printf7.o(i.__0vsnprintf$7) refers to printf7.o(i._printf_core) for _printf_core
    printf7.o(i.__0vsnprintf$7) refers to printf7.o(i._snputc) for _snputc
    printf7.o(i.__0vsprintf$7) refers to printf7.o(i._printf_core) for _printf_core
    printf7.o(i.__0vsprintf$7) refers to printf7.o(i._sputc) for _sputc
    printf7.o(i._printf_core) refers to printf7.o(i._printf_pre_padding) for _printf_pre_padding
    printf7.o(i._printf_core) refers to uldiv.o(.text) for __aeabi_uldivmod
    printf7.o(i._printf_core) refers to printf7.o(i._printf_post_padding) for _printf_post_padding
    printf8.o(i.__0fprintf$8) refers to printf8.o(i._printf_core) for _printf_core
    printf8.o(i.__0fprintf$8) refers to usart.o(.text) for fputc
    printf8.o(i.__0printf$8) refers to printf8.o(i._printf_core) for _printf_core
    printf8.o(i.__0printf$8) refers to usart.o(.text) for fputc
    printf8.o(i.__0printf$8) refers to usart.o(.data) for __stdout
    printf8.o(i.__0snprintf$8) refers to printf8.o(i._printf_core) for _printf_core
    printf8.o(i.__0snprintf$8) refers to printf8.o(i._snputc) for _snputc
    printf8.o(i.__0sprintf$8) refers to printf8.o(i._printf_core) for _printf_core
    printf8.o(i.__0sprintf$8) refers to printf8.o(i._sputc) for _sputc
    printf8.o(i.__0vfprintf$8) refers to printf8.o(i._printf_core) for _printf_core
    printf8.o(i.__0vfprintf$8) refers to usart.o(.text) for fputc
    printf8.o(i.__0vprintf$8) refers to printf8.o(i._printf_core) for _printf_core
    printf8.o(i.__0vprintf$8) refers to usart.o(.text) for fputc
    printf8.o(i.__0vprintf$8) refers to usart.o(.data) for __stdout
    printf8.o(i.__0vsnprintf$8) refers to printf8.o(i._printf_core) for _printf_core
    printf8.o(i.__0vsnprintf$8) refers to printf8.o(i._snputc) for _snputc
    printf8.o(i.__0vsprintf$8) refers to printf8.o(i._printf_core) for _printf_core
    printf8.o(i.__0vsprintf$8) refers to printf8.o(i._sputc) for _sputc
    printf8.o(i._printf_core) refers to printf8.o(i._printf_pre_padding) for _printf_pre_padding
    printf8.o(i._printf_core) refers to uldiv.o(.text) for __aeabi_uldivmod
    printf8.o(i._printf_core) refers to printf8.o(i._printf_post_padding) for _printf_post_padding
    printfa.o(i.__0fprintf) refers (Special) to iusefp.o(.text) for __I$use$fp
    printfa.o(i.__0fprintf) refers to printfa.o(i._printf_core) for _printf_core
    printfa.o(i.__0fprintf) refers to usart.o(.text) for fputc
    printfa.o(i.__0printf) refers (Special) to iusefp.o(.text) for __I$use$fp
    printfa.o(i.__0printf) refers to printfa.o(i._printf_core) for _printf_core
    printfa.o(i.__0printf) refers to usart.o(.text) for fputc
    printfa.o(i.__0printf) refers to usart.o(.data) for __stdout
    printfa.o(i.__0snprintf) refers (Special) to iusefp.o(.text) for __I$use$fp
    printfa.o(i.__0snprintf) refers to printfa.o(i._printf_core) for _printf_core
    printfa.o(i.__0snprintf) refers to printfa.o(i._snputc) for _snputc
    printfa.o(i.__0sprintf) refers (Special) to iusefp.o(.text) for __I$use$fp
    printfa.o(i.__0sprintf) refers to printfa.o(i._printf_core) for _printf_core
    printfa.o(i.__0sprintf) refers to printfa.o(i._sputc) for _sputc
    printfa.o(i.__0vfprintf) refers (Special) to iusefp.o(.text) for __I$use$fp
    printfa.o(i.__0vfprintf) refers to printfa.o(i._printf_core) for _printf_core
    printfa.o(i.__0vfprintf) refers to usart.o(.text) for fputc
    printfa.o(i.__0vprintf) refers (Special) to iusefp.o(.text) for __I$use$fp
    printfa.o(i.__0vprintf) refers to printfa.o(i._printf_core) for _printf_core
    printfa.o(i.__0vprintf) refers to usart.o(.text) for fputc
    printfa.o(i.__0vprintf) refers to usart.o(.data) for __stdout
    printfa.o(i.__0vsnprintf) refers (Special) to iusefp.o(.text) for __I$use$fp
    printfa.o(i.__0vsnprintf) refers to printfa.o(i._printf_core) for _printf_core
    printfa.o(i.__0vsnprintf) refers to printfa.o(i._snputc) for _snputc
    printfa.o(i.__0vsprintf) refers (Special) to iusefp.o(.text) for __I$use$fp
    printfa.o(i.__0vsprintf) refers to printfa.o(i._printf_core) for _printf_core
    printfa.o(i.__0vsprintf) refers to printfa.o(i._sputc) for _sputc
    printfa.o(i._fp_digits) refers (Special) to iusefp.o(.text) for __I$use$fp
    printfa.o(i._fp_digits) refers to dmul.o(.text) for __aeabi_dmul
    printfa.o(i._fp_digits) refers to ddiv.o(.text) for __aeabi_ddiv
    printfa.o(i._fp_digits) refers to cdrcmple.o(.text) for __aeabi_cdrcmple
    printfa.o(i._fp_digits) refers to dadd.o(.text) for __aeabi_dadd
    printfa.o(i._fp_digits) refers to dfixul.o(.text) for __aeabi_d2ulz
    printfa.o(i._fp_digits) refers to uldiv.o(.text) for __aeabi_uldivmod
    printfa.o(i._printf_core) refers (Special) to iusefp.o(.text) for __I$use$fp
    printfa.o(i._printf_core) refers to printfa.o(i._printf_pre_padding) for _printf_pre_padding
    printfa.o(i._printf_core) refers to uldiv.o(.text) for __aeabi_uldivmod
    printfa.o(i._printf_core) refers to printfa.o(i._printf_post_padding) for _printf_post_padding
    printfa.o(i._printf_core) refers to printfa.o(i._fp_digits) for _fp_digits
    printfa.o(i._printf_core) refers to uidiv.o(.text) for __aeabi_uidivmod
    printfa.o(i._printf_post_padding) refers (Special) to iusefp.o(.text) for __I$use$fp
    printfa.o(i._printf_pre_padding) refers (Special) to iusefp.o(.text) for __I$use$fp
    printfa.o(i._snputc) refers (Special) to iusefp.o(.text) for __I$use$fp
    printfa.o(i._sputc) refers (Special) to iusefp.o(.text) for __I$use$fp
    fadd.o(.text) refers (Special) to iusefp.o(.text) for __I$use$fp
    fadd.o(.text) refers to fepilogue.o(.text) for _float_epilogue
    fmul.o(.text) refers (Special) to iusefp.o(.text) for __I$use$fp
    fdiv.o(.text) refers (Special) to iusefp.o(.text) for __I$use$fp
    fdiv.o(.text) refers to fepilogue.o(.text) for _float_round
    ddiv.o(.text) refers (Special) to iusefp.o(.text) for __I$use$fp
    ddiv.o(.text) refers to depilogue.o(.text) for _double_round
    fflti.o(.text) refers (Special) to iusefp.o(.text) for __I$use$fp
    fflti.o(.text) refers to fepilogue.o(.text) for _float_epilogue
    dfltui.o(.text) refers (Special) to iusefp.o(.text) for __I$use$fp
    dfltui.o(.text) refers to depilogue.o(.text) for _double_epilogue
    ffixi.o(.text) refers (Special) to iusefp.o(.text) for __I$use$fp
    d2f.o(.text) refers (Special) to iusefp.o(.text) for __I$use$fp
    d2f.o(.text) refers to fepilogue.o(.text) for _float_round
    cfcmple.o(.text) refers (Special) to iusefp.o(.text) for __I$use$fp
    cfrcmple.o(.text) refers (Special) to iusefp.o(.text) for __I$use$fp
    entry2.o(.ARM.Collect$$$$00000001) refers to entry2.o(.ARM.Collect$$$$00002712) for __lit__00000000
    entry2.o(.ARM.Collect$$$$00002712) refers to startup_stm32f10x_hd.o(STACK) for __initial_sp
    entry2.o(__vectab_stack_and_reset_area) refers to startup_stm32f10x_hd.o(STACK) for __initial_sp
    entry2.o(__vectab_stack_and_reset_area) refers to entry.o(.ARM.Collect$$$$00000000) for __main
    entry5.o(.ARM.Collect$$$$00000004) refers to init.o(.text) for __scatterload
    entry9a.o(.ARM.Collect$$$$0000000B) refers to main.o(.text) for main
    entry9b.o(.ARM.Collect$$$$0000000C) refers to main.o(.text) for main
    uldiv.o(.text) refers to llushr.o(.text) for __aeabi_llsr
    uldiv.o(.text) refers to llshl.o(.text) for __aeabi_llsl
    depilogue.o(.text) refers to llshl.o(.text) for __aeabi_llsl
    depilogue.o(.text) refers to llushr.o(.text) for __aeabi_llsr
    dadd.o(.text) refers to llshl.o(.text) for __aeabi_llsl
    dadd.o(.text) refers to llsshr.o(.text) for __aeabi_lasr
    dadd.o(.text) refers to depilogue.o(.text) for _double_epilogue
    dmul.o(.text) refers to depilogue.o(.text) for _double_epilogue
    dfixul.o(.text) refers to llushr.o(.text) for __aeabi_llsr
    dfixul.o(.text) refers to llshl.o(.text) for __aeabi_llsl
    init.o(.text) refers to entry5.o(.ARM.Collect$$$$00000004) for __main_after_scatterload


==============================================================================

Removing Unused input sections from the image.

    Removing sys.o(.emb_text), (6 bytes).
    Removing core_cm3.o(.emb_text), (32 bytes).
    Removing startup_stm32f10x_hd.o(HEAP), (512 bytes).
    Removing dadd.o(.text), (334 bytes).
    Removing dmul.o(.text), (228 bytes).
    Removing dfixul.o(.text), (48 bytes).
    Removing cdrcmple.o(.text), (48 bytes).

7 unused section(s) (total 1208 bytes) removed from the image.

==============================================================================

Image Symbol Table

    Local Symbols

    Symbol Name                              Value     Ov Type        Size  Object(Section)

    ../clib/../cmprslib/zerorunl2.c          0x00000000   Number         0  __dczerorl2.o ABSOLUTE
    ../clib/microlib/division.c              0x00000000   Number         0  uidiv.o ABSOLUTE
    ../clib/microlib/division.c              0x00000000   Number         0  uldiv.o ABSOLUTE
    ../clib/microlib/init/entry.s            0x00000000   Number         0  entry8a.o ABSOLUTE
    ../clib/microlib/init/entry.s            0x00000000   Number         0  entry8b.o ABSOLUTE
    ../clib/microlib/init/entry.s            0x00000000   Number         0  entry2.o ABSOLUTE
    ../clib/microlib/init/entry.s            0x00000000   Number         0  entry9a.o ABSOLUTE
    ../clib/microlib/init/entry.s            0x00000000   Number         0  entry11b.o ABSOLUTE
    ../clib/microlib/init/entry.s            0x00000000   Number         0  entry9b.o ABSOLUTE
    ../clib/microlib/init/entry.s            0x00000000   Number         0  entry10a.o ABSOLUTE
    ../clib/microlib/init/entry.s            0x00000000   Number         0  entry10b.o ABSOLUTE
    ../clib/microlib/init/entry.s            0x00000000   Number         0  entry11a.o ABSOLUTE
    ../clib/microlib/init/entry.s            0x00000000   Number         0  entry.o ABSOLUTE
    ../clib/microlib/init/entry.s            0x00000000   Number         0  entry7a.o ABSOLUTE
    ../clib/microlib/init/entry.s            0x00000000   Number         0  entry7b.o ABSOLUTE
    ../clib/microlib/init/entry.s            0x00000000   Number         0  entry5.o ABSOLUTE
    ../clib/microlib/longlong.c              0x00000000   Number         0  llushr.o ABSOLUTE
    ../clib/microlib/longlong.c              0x00000000   Number         0  llsshr.o ABSOLUTE
    ../clib/microlib/longlong.c              0x00000000   Number         0  llshl.o ABSOLUTE
    ../clib/microlib/printf/printf.c         0x00000000   Number         0  printfa.o ABSOLUTE
    ../clib/microlib/printf/printf.c         0x00000000   Number         0  printf3.o ABSOLUTE
    ../clib/microlib/printf/printf.c         0x00000000   Number         0  printf4.o ABSOLUTE
    ../clib/microlib/printf/printf.c         0x00000000   Number         0  printf5.o ABSOLUTE
    ../clib/microlib/printf/printf.c         0x00000000   Number         0  printf6.o ABSOLUTE
    ../clib/microlib/printf/printf.c         0x00000000   Number         0  printf7.o ABSOLUTE
    ../clib/microlib/printf/printf.c         0x00000000   Number         0  printf2.o ABSOLUTE
    ../clib/microlib/printf/printf.c         0x00000000   Number         0  printf8.o ABSOLUTE
    ../clib/microlib/printf/printf.c         0x00000000   Number         0  printf1.o ABSOLUTE
    ../clib/microlib/printf/printf.c         0x00000000   Number         0  printf0.o ABSOLUTE
    ../clib/microlib/printf/printf.c         0x00000000   Number         0  printfb.o ABSOLUTE
    ../clib/microlib/printf/stubs.s          0x00000000   Number         0  stubs.o ABSOLUTE
    ../clib/microlib/stubs.s                 0x00000000   Number         0  iusefp.o ABSOLUTE
    ../clib/microlib/stubs.s                 0x00000000   Number         0  useno.o ABSOLUTE
    ../fplib/microlib/d2f.c                  0x00000000   Number         0  d2f.o ABSOLUTE
    ../fplib/microlib/fpadd.c                0x00000000   Number         0  dadd.o ABSOLUTE
    ../fplib/microlib/fpadd.c                0x00000000   Number         0  fadd.o ABSOLUTE
    ../fplib/microlib/fpdiv.c                0x00000000   Number         0  ddiv.o ABSOLUTE
    ../fplib/microlib/fpdiv.c                0x00000000   Number         0  fdiv.o ABSOLUTE
    ../fplib/microlib/fpepilogue.c           0x00000000   Number         0  depilogue.o ABSOLUTE
    ../fplib/microlib/fpepilogue.c           0x00000000   Number         0  fepilogue.o ABSOLUTE
    ../fplib/microlib/fpfix.c                0x00000000   Number         0  ffixi.o ABSOLUTE
    ../fplib/microlib/fpfix.c                0x00000000   Number         0  dfixul.o ABSOLUTE
    ../fplib/microlib/fpflt.c                0x00000000   Number         0  dfltui.o ABSOLUTE
    ../fplib/microlib/fpflt.c                0x00000000   Number         0  fflti.o ABSOLUTE
    ../fplib/microlib/fpmul.c                0x00000000   Number         0  dmul.o ABSOLUTE
    ../fplib/microlib/fpmul.c                0x00000000   Number         0  fmul.o ABSOLUTE
    ..\APP\app_main.c                        0x00000000   Number         0  app_main.o ABSOLUTE
    ..\BALANCE\CONTROL\control.c             0x00000000   Number         0  control.o ABSOLUTE
    ..\CORE\core_cm3.c                       0x00000000   Number         0  core_cm3.o ABSOLUTE
    ..\CORE\startup_stm32f10x_hd.s           0x00000000   Number         0  startup_stm32f10x_hd.o ABSOLUTE
    ..\HARDWARE\DMA\dma.c                    0x00000000   Number         0  dma.o ABSOLUTE
    ..\HARDWARE\DMA_ANO_TC\ano_tc.c          0x00000000   Number         0  ano_tc.o ABSOLUTE
    ..\HARDWARE\ENCODER\encoder.c            0x00000000   Number         0  encoder.o ABSOLUTE
    ..\HARDWARE\LED\led.c                    0x00000000   Number         0  led.o ABSOLUTE
    ..\HARDWARE\MOTOR\motor.c                0x00000000   Number         0  motor.o ABSOLUTE
    ..\HARDWARE\ModbusCRC16\ModbusCRC16.c    0x00000000   Number         0  modbuscrc16.o ABSOLUTE
    ..\HARDWARE\TIMER\timer.c                0x00000000   Number         0  timer.o ABSOLUTE
    ..\HARDWARE\UART4\uart4.c                0x00000000   Number         0  uart4.o ABSOLUTE
    ..\HARDWARE\USART2\usart2.c              0x00000000   Number         0  usart2.o ABSOLUTE
    ..\HARDWARE\USART3\usart3.c              0x00000000   Number         0  usart3.o ABSOLUTE
    ..\STM32F10x_FWLib\src\misc.c            0x00000000   Number         0  misc.o ABSOLUTE
    ..\STM32F10x_FWLib\src\stm32f10x_dma.c   0x00000000   Number         0  stm32f10x_dma.o ABSOLUTE
    ..\STM32F10x_FWLib\src\stm32f10x_gpio.c  0x00000000   Number         0  stm32f10x_gpio.o ABSOLUTE
    ..\STM32F10x_FWLib\src\stm32f10x_rcc.c   0x00000000   Number         0  stm32f10x_rcc.o ABSOLUTE
    ..\STM32F10x_FWLib\src\stm32f10x_tim.c   0x00000000   Number         0  stm32f10x_tim.o ABSOLUTE
    ..\STM32F10x_FWLib\src\stm32f10x_usart.c 0x00000000   Number         0  stm32f10x_usart.o ABSOLUTE
    ..\SYSTEM\delay\delay.c                  0x00000000   Number         0  delay.o ABSOLUTE
    ..\SYSTEM\sys\sys.c                      0x00000000   Number         0  sys.o ABSOLUTE
    ..\SYSTEM\usart\usart.c                  0x00000000   Number         0  usart.o ABSOLUTE
    ..\USMART\usmart.c                       0x00000000   Number         0  usmart.o ABSOLUTE
    ..\USMART\usmart_config.c                0x00000000   Number         0  usmart_config.o ABSOLUTE
    ..\USMART\usmart_str.c                   0x00000000   Number         0  usmart_str.o ABSOLUTE
    ..\\CORE\\core_cm3.c                     0x00000000   Number         0  core_cm3.o ABSOLUTE
    ..\\SYSTEM\\sys\\sys.c                   0x00000000   Number         0  sys.o ABSOLUTE
    cdrcmple.s                               0x00000000   Number         0  cdrcmple.o ABSOLUTE
    cfcmple.s                                0x00000000   Number         0  cfcmple.o ABSOLUTE
    cfrcmple.s                               0x00000000   Number         0  cfrcmple.o ABSOLUTE
    dc.s                                     0x00000000   Number         0  dc.o ABSOLUTE
    handlers.s                               0x00000000   Number         0  handlers.o ABSOLUTE
    init.s                                   0x00000000   Number         0  init.o ABSOLUTE
    main.c                                   0x00000000   Number         0  main.o ABSOLUTE
    stm32f10x_it.c                           0x00000000   Number         0  stm32f10x_it.o ABSOLUTE
    system_stm32f10x.c                       0x00000000   Number         0  system_stm32f10x.o ABSOLUTE
    RESET                                    0x08000000   Section      304  startup_stm32f10x_hd.o(RESET)
    .ARM.Collect$$$$00000000                 0x08000130   Section        0  entry.o(.ARM.Collect$$$$00000000)
    .ARM.Collect$$$$00000001                 0x08000130   Section        4  entry2.o(.ARM.Collect$$$$00000001)
    .ARM.Collect$$$$00000004                 0x08000134   Section        4  entry5.o(.ARM.Collect$$$$00000004)
    .ARM.Collect$$$$00000008                 0x08000138   Section        0  entry7b.o(.ARM.Collect$$$$00000008)
    .ARM.Collect$$$$0000000A                 0x08000138   Section        0  entry8b.o(.ARM.Collect$$$$0000000A)
    .ARM.Collect$$$$0000000B                 0x08000138   Section        8  entry9a.o(.ARM.Collect$$$$0000000B)
    .ARM.Collect$$$$0000000D                 0x08000140   Section        0  entry10a.o(.ARM.Collect$$$$0000000D)
    .ARM.Collect$$$$0000000F                 0x08000140   Section        0  entry11a.o(.ARM.Collect$$$$0000000F)
    .ARM.Collect$$$$00002712                 0x08000140   Section        4  entry2.o(.ARM.Collect$$$$00002712)
    __lit__00000000                          0x08000140   Data           4  entry2.o(.ARM.Collect$$$$00002712)
    .text                                    0x08000144   Section        0  main.o(.text)
    .text                                    0x08000794   Section        0  stm32f10x_it.o(.text)
    .text                                    0x080007b0   Section        0  system_stm32f10x.o(.text)
    SetSysClockTo72                          0x080007b1   Thumb Code   214  system_stm32f10x.o(.text)
    SetSysClock                              0x08000887   Thumb Code     8  system_stm32f10x.o(.text)
    .text                                    0x08000990   Section        0  led.o(.text)
    .text                                    0x080009c8   Section        0  modbuscrc16.o(.text)
    .text                                    0x08000a24   Section        0  timer.o(.text)
    .text                                    0x08000a68   Section        0  dma.o(.text)
    vDMA_UART_STRU_Init                      0x08000a69   Thumb Code    36  dma.o(.text)
    .text                                    0x08000b60   Section        0  usart2.o(.text)
    .text                                    0x08000c30   Section        0  usart3.o(.text)
    .text                                    0x08000d50   Section        0  uart4.o(.text)
    .text                                    0x08000e50   Section        0  encoder.o(.text)
    .text                                    0x08001278   Section        0  motor.o(.text)
    .text                                    0x080013fc   Section        0  control.o(.text)
    .text                                    0x08001e94   Section        0  usmart.o(.text)
    .text                                    0x08002acc   Section        0  usmart_str.o(.text)
    .text                                    0x08002ff4   Section        0  delay.o(.text)
    .text                                    0x080030c8   Section        0  sys.o(.text)
    .text                                    0x0800317c   Section        0  usart.o(.text)
    .text                                    0x08003314   Section       36  startup_stm32f10x_hd.o(.text)
    .text                                    0x08003338   Section        0  misc.o(.text)
    .text                                    0x08003414   Section        0  stm32f10x_gpio.o(.text)
    .text                                    0x08003770   Section        0  stm32f10x_rcc.o(.text)
    .text                                    0x08003b14   Section        0  stm32f10x_usart.o(.text)
    .text                                    0x08003f1c   Section        0  stm32f10x_dma.o(.text)
    .text                                    0x08004170   Section        0  stm32f10x_tim.o(.text)
    TI4_Config                               0x08004617   Thumb Code   130  stm32f10x_tim.o(.text)
    TI3_Config                               0x080046ab   Thumb Code   122  stm32f10x_tim.o(.text)
    TI2_Config                               0x0800473f   Thumb Code   130  stm32f10x_tim.o(.text)
    TI1_Config                               0x080047d3   Thumb Code   108  stm32f10x_tim.o(.text)
    .text                                    0x08004f8c   Section        0  app_main.o(.text)
    .text                                    0x08005018   Section        0  fadd.o(.text)
    .text                                    0x080050c8   Section        0  fmul.o(.text)
    .text                                    0x0800512c   Section        0  fdiv.o(.text)
    .text                                    0x080051a8   Section        0  ddiv.o(.text)
    .text                                    0x08005286   Section        0  fflti.o(.text)
    .text                                    0x08005298   Section        0  dfltui.o(.text)
    .text                                    0x080052b2   Section        0  ffixi.o(.text)
    .text                                    0x080052e4   Section        0  d2f.o(.text)
    .text                                    0x0800531c   Section       20  cfcmple.o(.text)
    .text                                    0x08005330   Section       20  cfrcmple.o(.text)
    .text                                    0x08005344   Section        0  uldiv.o(.text)
    .text                                    0x080053a6   Section        0  fepilogue.o(.text)
    .text                                    0x080053a6   Section        0  iusefp.o(.text)
    .text                                    0x08005414   Section        0  depilogue.o(.text)
    .text                                    0x080054d0   Section       36  init.o(.text)
    .text                                    0x080054f4   Section        0  llshl.o(.text)
    .text                                    0x08005512   Section        0  llushr.o(.text)
    .text                                    0x08005532   Section        0  __dczerorl2.o(.text)
    i.__0printf$8                            0x08005588   Section        0  printf8.o(i.__0printf$8)
    i.__scatterload_copy                     0x080055a8   Section       14  handlers.o(i.__scatterload_copy)
    i.__scatterload_null                     0x080055b6   Section        2  handlers.o(i.__scatterload_null)
    i.__scatterload_zeroinit                 0x080055b8   Section       14  handlers.o(i.__scatterload_zeroinit)
    i._printf_core                           0x080055c8   Section        0  printf8.o(i._printf_core)
    _printf_core                             0x080055c9   Thumb Code   996  printf8.o(i._printf_core)
    i._printf_post_padding                   0x080059d8   Section        0  printf8.o(i._printf_post_padding)
    _printf_post_padding                     0x080059d9   Thumb Code    36  printf8.o(i._printf_post_padding)
    i._printf_pre_padding                    0x080059fc   Section        0  printf8.o(i._printf_pre_padding)
    _printf_pre_padding                      0x080059fd   Thumb Code    46  printf8.o(i._printf_pre_padding)
    .conststring                             0x08005a2c   Section       40  usmart.o(.conststring)
    .conststring                             0x08005a54   Section      147  usmart_config.o(.conststring)
    .data                                    0x20000000   Section       65  main.o(.data)
    .data                                    0x20000044   Section       20  system_stm32f10x.o(.data)
    .data                                    0x20000058   Section      514  modbuscrc16.o(.data)
    .data                                    0x2000025c   Section        4  dma.o(.data)
    .data                                    0x20000260   Section      128  control.o(.data)
    Bias                                     0x20000270   Data           4  control.o(.data)
    Pwm                                      0x20000274   Data           4  control.o(.data)
    Last_bias                                0x20000278   Data           4  control.o(.data)
    Bias                                     0x2000027c   Data           4  control.o(.data)
    Pwm                                      0x20000280   Data           4  control.o(.data)
    Last_bias                                0x20000284   Data           4  control.o(.data)
    Bias                                     0x20000288   Data           4  control.o(.data)
    Pwm                                      0x2000028c   Data           4  control.o(.data)
    Last_bias                                0x20000290   Data           4  control.o(.data)
    Bias                                     0x20000294   Data           4  control.o(.data)
    Pwm                                      0x20000298   Data           4  control.o(.data)
    Last_bias                                0x2000029c   Data           4  control.o(.data)
    Bias                                     0x200002a0   Data           4  control.o(.data)
    Pwm                                      0x200002a4   Data           4  control.o(.data)
    Integral_bias                            0x200002a8   Data           4  control.o(.data)
    Last_Bias                                0x200002ac   Data           4  control.o(.data)
    Bias                                     0x200002b0   Data           4  control.o(.data)
    Pwm                                      0x200002b4   Data           4  control.o(.data)
    Integral_bias                            0x200002b8   Data           4  control.o(.data)
    Last_Bias                                0x200002bc   Data           4  control.o(.data)
    Bias                                     0x200002c0   Data           4  control.o(.data)
    Pwm                                      0x200002c4   Data           4  control.o(.data)
    Integral_bias                            0x200002c8   Data           4  control.o(.data)
    Last_Bias                                0x200002cc   Data           4  control.o(.data)
    Bias                                     0x200002d0   Data           4  control.o(.data)
    Pwm                                      0x200002d4   Data           4  control.o(.data)
    Integral_bias                            0x200002d8   Data           4  control.o(.data)
    Last_Bias                                0x200002dc   Data           4  control.o(.data)
    .data                                    0x200002e0   Section       28  usmart.o(.data)
    .data                                    0x200002fc   Section      284  usmart_config.o(.data)
    .data                                    0x20000418   Section        4  delay.o(.data)
    fac_us                                   0x20000418   Data           1  delay.o(.data)
    fac_ms                                   0x2000041a   Data           2  delay.o(.data)
    .data                                    0x2000041c   Section        6  usart.o(.data)
    .data                                    0x20000422   Section       20  stm32f10x_rcc.o(.data)
    APBAHBPrescTable                         0x20000422   Data          16  stm32f10x_rcc.o(.data)
    ADCPrescTable                            0x20000432   Data           4  stm32f10x_rcc.o(.data)
    .data                                    0x20000438   Section       84  app_main.o(.data)
    .bss                                     0x2000048c   Section       32  dma.o(.bss)
    .bss                                     0x200004ac   Section      200  usart.o(.bss)
    .bss                                     0x20000574   Section        9  app_main.o(.bss)
    STACK                                    0x20000580   Section     1024  startup_stm32f10x_hd.o(STACK)

    Global Symbols

    Symbol Name                              Value     Ov Type        Size  Object(Section)

    BuildAttributes$$THM_ISAv4$P$D$K$B$S$PE$A:L22UL41UL21$X:L11$S22US41US21$IEEE1$IW$USESV6$~STKCKD$USESV7$~SHL$OTIME$ROPI$EBA8$MICROLIB$REQ8$PRES8$EABIv2 0x00000000   Number         0  anon$$obj.o ABSOLUTE
    __ARM_use_no_argv                        0x00000000   Number         0  main.o ABSOLUTE
    __use_no_errno                           0x00000000   Number         0  useno.o ABSOLUTE
    __use_no_exception_handling              0x00000000   Number         0  useno.o ABSOLUTE
    __use_no_fp                              0x00000000   Number         0  useno.o ABSOLUTE
    __use_no_heap                            0x00000000   Number         0  useno.o ABSOLUTE
    __use_no_heap_region                     0x00000000   Number         0  useno.o ABSOLUTE
    __use_no_semihosting                     0x00000000   Number         0  useno.o ABSOLUTE
    __use_no_semihosting_swi                 0x00000000   Number         0  useno.o ABSOLUTE
    __use_no_signal_handling                 0x00000000   Number         0  useno.o ABSOLUTE
    _printf_a                                0x00000000   Number         0  stubs.o ABSOLUTE
    _printf_c                                0x00000000   Number         0  stubs.o ABSOLUTE
    _printf_charcount                        0x00000000   Number         0  stubs.o ABSOLUTE
    _printf_d                                0x00000000   Number         0  stubs.o ABSOLUTE
    _printf_e                                0x00000000   Number         0  stubs.o ABSOLUTE
    _printf_f                                0x00000000   Number         0  stubs.o ABSOLUTE
    _printf_flags                            0x00000000   Number         0  stubs.o ABSOLUTE
    _printf_fp_dec                           0x00000000   Number         0  stubs.o ABSOLUTE
    _printf_fp_hex                           0x00000000   Number         0  stubs.o ABSOLUTE
    _printf_g                                0x00000000   Number         0  stubs.o ABSOLUTE
    _printf_i                                0x00000000   Number         0  stubs.o ABSOLUTE
    _printf_int_dec                          0x00000000   Number         0  stubs.o ABSOLUTE
    _printf_l                                0x00000000   Number         0  stubs.o ABSOLUTE
    _printf_lc                               0x00000000   Number         0  stubs.o ABSOLUTE
    _printf_ll                               0x00000000   Number         0  stubs.o ABSOLUTE
    _printf_lld                              0x00000000   Number         0  stubs.o ABSOLUTE
    _printf_lli                              0x00000000   Number         0  stubs.o ABSOLUTE
    _printf_llo                              0x00000000   Number         0  stubs.o ABSOLUTE
    _printf_llu                              0x00000000   Number         0  stubs.o ABSOLUTE
    _printf_llx                              0x00000000   Number         0  stubs.o ABSOLUTE
    _printf_longlong_dec                     0x00000000   Number         0  stubs.o ABSOLUTE
    _printf_longlong_hex                     0x00000000   Number         0  stubs.o ABSOLUTE
    _printf_longlong_oct                     0x00000000   Number         0  stubs.o ABSOLUTE
    _printf_ls                               0x00000000   Number         0  stubs.o ABSOLUTE
    _printf_mbtowc                           0x00000000   Number         0  stubs.o ABSOLUTE
    _printf_n                                0x00000000   Number         0  stubs.o ABSOLUTE
    _printf_o                                0x00000000   Number         0  stubs.o ABSOLUTE
    _printf_p                                0x00000000   Number         0  stubs.o ABSOLUTE
    _printf_percent                          0x00000000   Number         0  stubs.o ABSOLUTE
    _printf_pre_padding                      0x00000000   Number         0  stubs.o ABSOLUTE
    _printf_return_value                     0x00000000   Number         0  stubs.o ABSOLUTE
    _printf_s                                0x00000000   Number         0  stubs.o ABSOLUTE
    _printf_sizespec                         0x00000000   Number         0  stubs.o ABSOLUTE
    _printf_str                              0x00000000   Number         0  stubs.o ABSOLUTE
    _printf_truncate_signed                  0x00000000   Number         0  stubs.o ABSOLUTE
    _printf_truncate_unsigned                0x00000000   Number         0  stubs.o ABSOLUTE
    _printf_u                                0x00000000   Number         0  stubs.o ABSOLUTE
    _printf_wc                               0x00000000   Number         0  stubs.o ABSOLUTE
    _printf_wctomb                           0x00000000   Number         0  stubs.o ABSOLUTE
    _printf_widthprec                        0x00000000   Number         0  stubs.o ABSOLUTE
    _printf_x                                0x00000000   Number         0  stubs.o ABSOLUTE
    __cpp_initialize__aeabi_                  - Undefined Weak Reference
    __cxa_finalize                            - Undefined Weak Reference
    _clock_init                               - Undefined Weak Reference
    _microlib_exit                            - Undefined Weak Reference
    __Vectors_Size                           0x00000130   Number         0  startup_stm32f10x_hd.o ABSOLUTE
    __Vectors                                0x08000000   Data           4  startup_stm32f10x_hd.o(RESET)
    __Vectors_End                            0x08000130   Data           0  startup_stm32f10x_hd.o(RESET)
    __main                                   0x08000131   Thumb Code     0  entry.o(.ARM.Collect$$$$00000000)
    _main_stk                                0x08000131   Thumb Code     0  entry2.o(.ARM.Collect$$$$00000001)
    _main_scatterload                        0x08000135   Thumb Code     0  entry5.o(.ARM.Collect$$$$00000004)
    __main_after_scatterload                 0x08000139   Thumb Code     0  entry5.o(.ARM.Collect$$$$00000004)
    _main_clock                              0x08000139   Thumb Code     0  entry7b.o(.ARM.Collect$$$$00000008)
    _main_cpp_init                           0x08000139   Thumb Code     0  entry8b.o(.ARM.Collect$$$$0000000A)
    _main_init                               0x08000139   Thumb Code     0  entry9a.o(.ARM.Collect$$$$0000000B)
    __rt_final_cpp                           0x08000141   Thumb Code     0  entry10a.o(.ARM.Collect$$$$0000000D)
    __rt_final_exit                          0x08000141   Thumb Code     0  entry11a.o(.ARM.Collect$$$$0000000F)
    vCar_Set_PID                             0x08000145   Thumb Code   320  main.o(.text)
    vCar_Ation_Mode                          0x08000285   Thumb Code   636  main.o(.text)
    vUart_Cmd_Handler                        0x08000501   Thumb Code   212  main.o(.text)
    vUartReceiveIsOk                         0x080005d5   Thumb Code   216  main.o(.text)
    vBsp_Init                                0x080006ad   Thumb Code   150  main.o(.text)
    main                                     0x08000743   Thumb Code    16  main.o(.text)
    NMI_Handler                              0x08000795   Thumb Code     2  stm32f10x_it.o(.text)
    HardFault_Handler                        0x08000797   Thumb Code     4  stm32f10x_it.o(.text)
    MemManage_Handler                        0x0800079b   Thumb Code     4  stm32f10x_it.o(.text)
    BusFault_Handler                         0x0800079f   Thumb Code     4  stm32f10x_it.o(.text)
    UsageFault_Handler                       0x080007a3   Thumb Code     4  stm32f10x_it.o(.text)
    SVC_Handler                              0x080007a7   Thumb Code     2  stm32f10x_it.o(.text)
    DebugMon_Handler                         0x080007a9   Thumb Code     2  stm32f10x_it.o(.text)
    PendSV_Handler                           0x080007ab   Thumb Code     2  stm32f10x_it.o(.text)
    SysTick_Handler                          0x080007ad   Thumb Code     2  stm32f10x_it.o(.text)
    SystemInit                               0x0800088f   Thumb Code    78  system_stm32f10x.o(.text)
    SystemCoreClockUpdate                    0x080008dd   Thumb Code   142  system_stm32f10x.o(.text)
    LED_Init                                 0x08000991   Thumb Code    50  led.o(.text)
    ModBus_CRC                               0x080009c9   Thumb Code    76  modbuscrc16.o(.text)
    TIM6_Init                                0x08000a25   Thumb Code    58  timer.o(.text)
    Uart_Dma_Init                            0x08000a8d   Thumb Code   118  dma.o(.text)
    DMA2_Channel3_IRQHandler                 0x08000b03   Thumb Code    30  dma.o(.text)
    DMA2_Channel4_5_IRQHandler               0x08000b21   Thumb Code    30  dma.o(.text)
    puiGetReceiveArray                       0x08000b3f   Thumb Code     6  dma.o(.text)
    USART2_IRQHandler                        0x08000b61   Thumb Code    14  usart2.o(.text)
    usart2_init                              0x08000b6f   Thumb Code   130  usart2.o(.text)
    uart2_Send_Byte                          0x08000bf1   Thumb Code    22  usart2.o(.text)
    uart2_Send_Len                           0x08000c07   Thumb Code    28  usart2.o(.text)
    USART3_IRQHandler                        0x08000c31   Thumb Code    24  usart3.o(.text)
    usart3_init                              0x08000c49   Thumb Code   166  usart3.o(.text)
    Usart3_Send_Byte                         0x08000cef   Thumb Code    38  usart3.o(.text)
    Usart3_String_Send                       0x08000d15   Thumb Code    22  usart3.o(.text)
    Usart3_String_Send_Length                0x08000d2b   Thumb Code    28  usart3.o(.text)
    USART4_IRQHandler                        0x08000d51   Thumb Code    24  uart4.o(.text)
    uart4_init                               0x08000d69   Thumb Code   134  uart4.o(.text)
    Uart4_Send_Byte                          0x08000def   Thumb Code    38  uart4.o(.text)
    Uart4_String_Send                        0x08000e15   Thumb Code    22  uart4.o(.text)
    Uart4_String_Send_Length                 0x08000e2b   Thumb Code    28  uart4.o(.text)
    Encoder_Init_TIM2                        0x08000e51   Thumb Code   208  encoder.o(.text)
    Encoder_Init_TIM3                        0x08000f21   Thumb Code   212  encoder.o(.text)
    Encoder_Init_TIM4                        0x08000ff5   Thumb Code   208  encoder.o(.text)
    Encoder_Init_TIM5                        0x080010c5   Thumb Code   210  encoder.o(.text)
    Read_Encoder                             0x08001197   Thumb Code   100  encoder.o(.text)
    TIM2_IRQHandler                          0x080011fb   Thumb Code    24  encoder.o(.text)
    TIM3_IRQHandler                          0x08001213   Thumb Code    24  encoder.o(.text)
    TIM4_IRQHandler                          0x0800122b   Thumb Code    54  encoder.o(.text)
    TIM5_IRQHandler                          0x08001261   Thumb Code    18  encoder.o(.text)
    Motor_PWM_IO_Init                        0x08001279   Thumb Code    50  motor.o(.text)
    Motor_IO_Init                            0x080012ab   Thumb Code    96  motor.o(.text)
    Motor_PWM_Init                           0x0800130b   Thumb Code   224  motor.o(.text)
    utAdd8_Check                             0x080013fd   Thumb Code    28  control.o(.text)
    Set_Pwm                                  0x08001419   Thumb Code   200  control.o(.text)
    Xianfu_Pwm                               0x080014e1   Thumb Code   114  control.o(.text)
    Incremental_PI_D                         0x08001553   Thumb Code   144  control.o(.text)
    Incremental_PI_C                         0x080015e3   Thumb Code   144  control.o(.text)
    Incremental_PI_B                         0x08001673   Thumb Code   144  control.o(.text)
    Incremental_PI_A                         0x08001703   Thumb Code   144  control.o(.text)
    TIM6_IRQHandler                          0x08001793   Thumb Code   676  control.o(.text)
    Xianfu_Velocity                          0x08001a37   Thumb Code   116  control.o(.text)
    Turn_Off                                 0x08001aab   Thumb Code    78  control.o(.text)
    myabs                                    0x08001af9   Thumb Code    14  control.o(.text)
    Position_PID_A                           0x08001b07   Thumb Code   172  control.o(.text)
    Position_PID_B                           0x08001bb3   Thumb Code   172  control.o(.text)
    Position_PID_C                           0x08001c5f   Thumb Code   334  control.o(.text)
    Position_PID_D                           0x08001dad   Thumb Code   172  control.o(.text)
    Get_RC                                   0x08001e59   Thumb Code     2  control.o(.text)
    usmart_sys_cmd_exe                       0x08001e95   Thumb Code  1554  usmart.o(.text)
    usmart_reset_runtime                     0x080024a7   Thumb Code    38  usmart.o(.text)
    usmart_get_runtime                       0x080024cd   Thumb Code    60  usmart.o(.text)
    TIM7_IRQHandler                          0x08002509   Thumb Code    46  usmart.o(.text)
    Timer7_Init                              0x08002537   Thumb Code    88  usmart.o(.text)
    usmart_init                              0x0800258f   Thumb Code    36  usmart.o(.text)
    usmart_cmd_rec                           0x080025b3   Thumb Code   170  usmart.o(.text)
    usmart_exe                               0x0800265d   Thumb Code   870  usmart.o(.text)
    usmart_scan                              0x080029c3   Thumb Code   120  usmart.o(.text)
    read_addr                                0x08002a3b   Thumb Code     6  usmart.o(.text)
    write_addr                               0x08002a41   Thumb Code     4  usmart.o(.text)
    usmart_strcmp                            0x08002acd   Thumb Code    34  usmart_str.o(.text)
    usmart_strcopy                           0x08002aef   Thumb Code    22  usmart_str.o(.text)
    usmart_strlen                            0x08002b05   Thumb Code    24  usmart_str.o(.text)
    usmart_pow                               0x08002b1d   Thumb Code    22  usmart_str.o(.text)
    usmart_str2num                           0x08002b33   Thumb Code   202  usmart_str.o(.text)
    usmart_get_cmdname                       0x08002bfd   Thumb Code    54  usmart_str.o(.text)
    usmart_search_nextc                      0x08002c33   Thumb Code    22  usmart_str.o(.text)
    usmart_get_fname                         0x08002c49   Thumb Code   440  usmart_str.o(.text)
    usmart_get_aparm                         0x08002e01   Thumb Code   200  usmart_str.o(.text)
    usmart_get_parmpos                       0x08002ec9   Thumb Code    26  usmart_str.o(.text)
    usmart_get_fparam                        0x08002ee3   Thumb Code   262  usmart_str.o(.text)
    delay_init                               0x08002ff5   Thumb Code    50  delay.o(.text)
    delay_us                                 0x08003027   Thumb Code    72  delay.o(.text)
    delay_ms                                 0x0800306f   Thumb Code    72  delay.o(.text)
    WFI_SET                                  0x080030c9   Thumb Code     4  sys.o(.text)
    INTX_DISABLE                             0x080030cd   Thumb Code     4  sys.o(.text)
    INTX_ENABLE                              0x080030d1   Thumb Code     4  sys.o(.text)
    MY_NVIC_Init                             0x080030d5   Thumb Code   118  sys.o(.text)
    JTAG_Set                                 0x0800314b   Thumb Code    38  sys.o(.text)
    _sys_exit                                0x0800317d   Thumb Code     4  usart.o(.text)
    fputc                                    0x08003181   Thumb Code    24  usart.o(.text)
    uart_init                                0x08003199   Thumb Code   152  usart.o(.text)
    Uart1_Send_Byte                          0x08003231   Thumb Code    38  usart.o(.text)
    Uart1_String_Send                        0x08003257   Thumb Code    22  usart.o(.text)
    Uart1_String_Send_Length                 0x0800326d   Thumb Code    28  usart.o(.text)
    USART1_IRQHandler                        0x08003289   Thumb Code   122  usart.o(.text)
    Reset_Handler                            0x08003315   Thumb Code     8  startup_stm32f10x_hd.o(.text)
    ADC1_2_IRQHandler                        0x0800332f   Thumb Code     0  startup_stm32f10x_hd.o(.text)
    ADC3_IRQHandler                          0x0800332f   Thumb Code     0  startup_stm32f10x_hd.o(.text)
    CAN1_RX1_IRQHandler                      0x0800332f   Thumb Code     0  startup_stm32f10x_hd.o(.text)
    CAN1_SCE_IRQHandler                      0x0800332f   Thumb Code     0  startup_stm32f10x_hd.o(.text)
    DMA1_Channel1_IRQHandler                 0x0800332f   Thumb Code     0  startup_stm32f10x_hd.o(.text)
    DMA1_Channel2_IRQHandler                 0x0800332f   Thumb Code     0  startup_stm32f10x_hd.o(.text)
    DMA1_Channel3_IRQHandler                 0x0800332f   Thumb Code     0  startup_stm32f10x_hd.o(.text)
    DMA1_Channel4_IRQHandler                 0x0800332f   Thumb Code     0  startup_stm32f10x_hd.o(.text)
    DMA1_Channel5_IRQHandler                 0x0800332f   Thumb Code     0  startup_stm32f10x_hd.o(.text)
    DMA1_Channel6_IRQHandler                 0x0800332f   Thumb Code     0  startup_stm32f10x_hd.o(.text)
    DMA1_Channel7_IRQHandler                 0x0800332f   Thumb Code     0  startup_stm32f10x_hd.o(.text)
    DMA2_Channel1_IRQHandler                 0x0800332f   Thumb Code     0  startup_stm32f10x_hd.o(.text)
    DMA2_Channel2_IRQHandler                 0x0800332f   Thumb Code     0  startup_stm32f10x_hd.o(.text)
    EXTI0_IRQHandler                         0x0800332f   Thumb Code     0  startup_stm32f10x_hd.o(.text)
    EXTI15_10_IRQHandler                     0x0800332f   Thumb Code     0  startup_stm32f10x_hd.o(.text)
    EXTI1_IRQHandler                         0x0800332f   Thumb Code     0  startup_stm32f10x_hd.o(.text)
    EXTI2_IRQHandler                         0x0800332f   Thumb Code     0  startup_stm32f10x_hd.o(.text)
    EXTI3_IRQHandler                         0x0800332f   Thumb Code     0  startup_stm32f10x_hd.o(.text)
    EXTI4_IRQHandler                         0x0800332f   Thumb Code     0  startup_stm32f10x_hd.o(.text)
    EXTI9_5_IRQHandler                       0x0800332f   Thumb Code     0  startup_stm32f10x_hd.o(.text)
    FLASH_IRQHandler                         0x0800332f   Thumb Code     0  startup_stm32f10x_hd.o(.text)
    FSMC_IRQHandler                          0x0800332f   Thumb Code     0  startup_stm32f10x_hd.o(.text)
    I2C1_ER_IRQHandler                       0x0800332f   Thumb Code     0  startup_stm32f10x_hd.o(.text)
    I2C1_EV_IRQHandler                       0x0800332f   Thumb Code     0  startup_stm32f10x_hd.o(.text)
    I2C2_ER_IRQHandler                       0x0800332f   Thumb Code     0  startup_stm32f10x_hd.o(.text)
    I2C2_EV_IRQHandler                       0x0800332f   Thumb Code     0  startup_stm32f10x_hd.o(.text)
    PVD_IRQHandler                           0x0800332f   Thumb Code     0  startup_stm32f10x_hd.o(.text)
    RCC_IRQHandler                           0x0800332f   Thumb Code     0  startup_stm32f10x_hd.o(.text)
    RTCAlarm_IRQHandler                      0x0800332f   Thumb Code     0  startup_stm32f10x_hd.o(.text)
    RTC_IRQHandler                           0x0800332f   Thumb Code     0  startup_stm32f10x_hd.o(.text)
    SDIO_IRQHandler                          0x0800332f   Thumb Code     0  startup_stm32f10x_hd.o(.text)
    SPI1_IRQHandler                          0x0800332f   Thumb Code     0  startup_stm32f10x_hd.o(.text)
    SPI2_IRQHandler                          0x0800332f   Thumb Code     0  startup_stm32f10x_hd.o(.text)
    SPI3_IRQHandler                          0x0800332f   Thumb Code     0  startup_stm32f10x_hd.o(.text)
    TAMPER_IRQHandler                        0x0800332f   Thumb Code     0  startup_stm32f10x_hd.o(.text)
    TIM1_BRK_IRQHandler                      0x0800332f   Thumb Code     0  startup_stm32f10x_hd.o(.text)
    TIM1_CC_IRQHandler                       0x0800332f   Thumb Code     0  startup_stm32f10x_hd.o(.text)
    TIM1_TRG_COM_IRQHandler                  0x0800332f   Thumb Code     0  startup_stm32f10x_hd.o(.text)
    TIM1_UP_IRQHandler                       0x0800332f   Thumb Code     0  startup_stm32f10x_hd.o(.text)
    TIM8_BRK_IRQHandler                      0x0800332f   Thumb Code     0  startup_stm32f10x_hd.o(.text)
    TIM8_CC_IRQHandler                       0x0800332f   Thumb Code     0  startup_stm32f10x_hd.o(.text)
    TIM8_TRG_COM_IRQHandler                  0x0800332f   Thumb Code     0  startup_stm32f10x_hd.o(.text)
    TIM8_UP_IRQHandler                       0x0800332f   Thumb Code     0  startup_stm32f10x_hd.o(.text)
    UART4_IRQHandler                         0x0800332f   Thumb Code     0  startup_stm32f10x_hd.o(.text)
    UART5_IRQHandler                         0x0800332f   Thumb Code     0  startup_stm32f10x_hd.o(.text)
    USBWakeUp_IRQHandler                     0x0800332f   Thumb Code     0  startup_stm32f10x_hd.o(.text)
    USB_HP_CAN1_TX_IRQHandler                0x0800332f   Thumb Code     0  startup_stm32f10x_hd.o(.text)
    USB_LP_CAN1_RX0_IRQHandler               0x0800332f   Thumb Code     0  startup_stm32f10x_hd.o(.text)
    WWDG_IRQHandler                          0x0800332f   Thumb Code     0  startup_stm32f10x_hd.o(.text)
    NVIC_PriorityGroupConfig                 0x08003339   Thumb Code    10  misc.o(.text)
    NVIC_Init                                0x08003343   Thumb Code   100  misc.o(.text)
    NVIC_SetVectorTable                      0x080033a7   Thumb Code    14  misc.o(.text)
    NVIC_SystemLPConfig                      0x080033b5   Thumb Code    34  misc.o(.text)
    SysTick_CLKSourceConfig                  0x080033d7   Thumb Code    40  misc.o(.text)
    GPIO_DeInit                              0x08003415   Thumb Code   172  stm32f10x_gpio.o(.text)
    GPIO_AFIODeInit                          0x080034c1   Thumb Code    20  stm32f10x_gpio.o(.text)
    GPIO_Init                                0x080034d5   Thumb Code   278  stm32f10x_gpio.o(.text)
    GPIO_StructInit                          0x080035eb   Thumb Code    16  stm32f10x_gpio.o(.text)
    GPIO_ReadInputDataBit                    0x080035fb   Thumb Code    18  stm32f10x_gpio.o(.text)
    GPIO_ReadInputData                       0x0800360d   Thumb Code     8  stm32f10x_gpio.o(.text)
    GPIO_ReadOutputDataBit                   0x08003615   Thumb Code    18  stm32f10x_gpio.o(.text)
    GPIO_ReadOutputData                      0x08003627   Thumb Code     8  stm32f10x_gpio.o(.text)
    GPIO_SetBits                             0x0800362f   Thumb Code     4  stm32f10x_gpio.o(.text)
    GPIO_ResetBits                           0x08003633   Thumb Code     4  stm32f10x_gpio.o(.text)
    GPIO_WriteBit                            0x08003637   Thumb Code    10  stm32f10x_gpio.o(.text)
    GPIO_Write                               0x08003641   Thumb Code     4  stm32f10x_gpio.o(.text)
    GPIO_PinLockConfig                       0x08003645   Thumb Code    18  stm32f10x_gpio.o(.text)
    GPIO_EventOutputConfig                   0x08003657   Thumb Code    26  stm32f10x_gpio.o(.text)
    GPIO_EventOutputCmd                      0x08003671   Thumb Code     6  stm32f10x_gpio.o(.text)
    GPIO_PinRemapConfig                      0x08003677   Thumb Code   138  stm32f10x_gpio.o(.text)
    GPIO_EXTILineConfig                      0x08003701   Thumb Code    66  stm32f10x_gpio.o(.text)
    GPIO_ETH_MediaInterfaceConfig            0x08003743   Thumb Code     8  stm32f10x_gpio.o(.text)
    RCC_DeInit                               0x08003771   Thumb Code    64  stm32f10x_rcc.o(.text)
    RCC_HSEConfig                            0x080037b1   Thumb Code    70  stm32f10x_rcc.o(.text)
    RCC_GetFlagStatus                        0x080037f7   Thumb Code    56  stm32f10x_rcc.o(.text)
    RCC_WaitForHSEStartUp                    0x0800382f   Thumb Code    56  stm32f10x_rcc.o(.text)
    RCC_AdjustHSICalibrationValue            0x08003867   Thumb Code    20  stm32f10x_rcc.o(.text)
    RCC_HSICmd                               0x0800387b   Thumb Code     6  stm32f10x_rcc.o(.text)
    RCC_PLLConfig                            0x08003881   Thumb Code    24  stm32f10x_rcc.o(.text)
    RCC_PLLCmd                               0x08003899   Thumb Code     6  stm32f10x_rcc.o(.text)
    RCC_SYSCLKConfig                         0x0800389f   Thumb Code    18  stm32f10x_rcc.o(.text)
    RCC_GetSYSCLKSource                      0x080038b1   Thumb Code    10  stm32f10x_rcc.o(.text)
    RCC_HCLKConfig                           0x080038bb   Thumb Code    18  stm32f10x_rcc.o(.text)
    RCC_PCLK1Config                          0x080038cd   Thumb Code    18  stm32f10x_rcc.o(.text)
    RCC_PCLK2Config                          0x080038df   Thumb Code    20  stm32f10x_rcc.o(.text)
    RCC_ITConfig                             0x080038f3   Thumb Code    26  stm32f10x_rcc.o(.text)
    RCC_USBCLKConfig                         0x0800390d   Thumb Code     8  stm32f10x_rcc.o(.text)
    RCC_ADCCLKConfig                         0x08003915   Thumb Code    18  stm32f10x_rcc.o(.text)
    RCC_LSEConfig                            0x08003927   Thumb Code    50  stm32f10x_rcc.o(.text)
    RCC_LSICmd                               0x08003959   Thumb Code     6  stm32f10x_rcc.o(.text)
    RCC_RTCCLKConfig                         0x0800395f   Thumb Code    12  stm32f10x_rcc.o(.text)
    RCC_RTCCLKCmd                            0x0800396b   Thumb Code     8  stm32f10x_rcc.o(.text)
    RCC_GetClocksFreq                        0x08003973   Thumb Code   192  stm32f10x_rcc.o(.text)
    RCC_AHBPeriphClockCmd                    0x08003a33   Thumb Code    26  stm32f10x_rcc.o(.text)
    RCC_APB2PeriphClockCmd                   0x08003a4d   Thumb Code    26  stm32f10x_rcc.o(.text)
    RCC_APB1PeriphClockCmd                   0x08003a67   Thumb Code    26  stm32f10x_rcc.o(.text)
    RCC_APB2PeriphResetCmd                   0x08003a81   Thumb Code    26  stm32f10x_rcc.o(.text)
    RCC_APB1PeriphResetCmd                   0x08003a9b   Thumb Code    26  stm32f10x_rcc.o(.text)
    RCC_BackupResetCmd                       0x08003ab5   Thumb Code     8  stm32f10x_rcc.o(.text)
    RCC_ClockSecuritySystemCmd               0x08003abd   Thumb Code     6  stm32f10x_rcc.o(.text)
    RCC_MCOConfig                            0x08003ac3   Thumb Code     6  stm32f10x_rcc.o(.text)
    RCC_ClearFlag                            0x08003ac9   Thumb Code    14  stm32f10x_rcc.o(.text)
    RCC_GetITStatus                          0x08003ad7   Thumb Code    20  stm32f10x_rcc.o(.text)
    RCC_ClearITPendingBit                    0x08003aeb   Thumb Code     6  stm32f10x_rcc.o(.text)
    USART_DeInit                             0x08003b15   Thumb Code   134  stm32f10x_usart.o(.text)
    USART_Init                               0x08003b9b   Thumb Code   210  stm32f10x_usart.o(.text)
    USART_StructInit                         0x08003c6d   Thumb Code    24  stm32f10x_usart.o(.text)
    USART_ClockInit                          0x08003c85   Thumb Code    34  stm32f10x_usart.o(.text)
    USART_ClockStructInit                    0x08003ca7   Thumb Code    12  stm32f10x_usart.o(.text)
    USART_Cmd                                0x08003cb3   Thumb Code    24  stm32f10x_usart.o(.text)
    USART_ITConfig                           0x08003ccb   Thumb Code    74  stm32f10x_usart.o(.text)
    USART_DMACmd                             0x08003d15   Thumb Code    18  stm32f10x_usart.o(.text)
    USART_SetAddress                         0x08003d27   Thumb Code    18  stm32f10x_usart.o(.text)
    USART_WakeUpConfig                       0x08003d39   Thumb Code    18  stm32f10x_usart.o(.text)
    USART_ReceiverWakeUpCmd                  0x08003d4b   Thumb Code    24  stm32f10x_usart.o(.text)
    USART_LINBreakDetectLengthConfig         0x08003d63   Thumb Code    18  stm32f10x_usart.o(.text)
    USART_LINCmd                             0x08003d75   Thumb Code    24  stm32f10x_usart.o(.text)
    USART_SendData                           0x08003d8d   Thumb Code     8  stm32f10x_usart.o(.text)
    USART_ReceiveData                        0x08003d95   Thumb Code    10  stm32f10x_usart.o(.text)
    USART_SendBreak                          0x08003d9f   Thumb Code    10  stm32f10x_usart.o(.text)
    USART_SetGuardTime                       0x08003da9   Thumb Code    16  stm32f10x_usart.o(.text)
    USART_SetPrescaler                       0x08003db9   Thumb Code    16  stm32f10x_usart.o(.text)
    USART_SmartCardCmd                       0x08003dc9   Thumb Code    24  stm32f10x_usart.o(.text)
    USART_SmartCardNACKCmd                   0x08003de1   Thumb Code    24  stm32f10x_usart.o(.text)
    USART_HalfDuplexCmd                      0x08003df9   Thumb Code    24  stm32f10x_usart.o(.text)
    USART_OverSampling8Cmd                   0x08003e11   Thumb Code    22  stm32f10x_usart.o(.text)
    USART_OneBitMethodCmd                    0x08003e27   Thumb Code    24  stm32f10x_usart.o(.text)
    USART_IrDAConfig                         0x08003e3f   Thumb Code    18  stm32f10x_usart.o(.text)
    USART_IrDACmd                            0x08003e51   Thumb Code    24  stm32f10x_usart.o(.text)
    USART_GetFlagStatus                      0x08003e69   Thumb Code    26  stm32f10x_usart.o(.text)
    USART_ClearFlag                          0x08003e83   Thumb Code    18  stm32f10x_usart.o(.text)
    USART_GetITStatus                        0x08003e95   Thumb Code    84  stm32f10x_usart.o(.text)
    USART_ClearITPendingBit                  0x08003ee9   Thumb Code    52  stm32f10x_usart.o(.text)
    DMA_DeInit                               0x08003f1d   Thumb Code   324  stm32f10x_dma.o(.text)
    DMA_Init                                 0x08004061   Thumb Code    60  stm32f10x_dma.o(.text)
    DMA_StructInit                           0x0800409d   Thumb Code    26  stm32f10x_dma.o(.text)
    DMA_Cmd                                  0x080040b7   Thumb Code    24  stm32f10x_dma.o(.text)
    DMA_ITConfig                             0x080040cf   Thumb Code    18  stm32f10x_dma.o(.text)
    DMA_SetCurrDataCounter                   0x080040e1   Thumb Code     4  stm32f10x_dma.o(.text)
    DMA_GetCurrDataCounter                   0x080040e5   Thumb Code     8  stm32f10x_dma.o(.text)
    DMA_GetFlagStatus                        0x080040ed   Thumb Code    40  stm32f10x_dma.o(.text)
    DMA_ClearFlag                            0x08004115   Thumb Code    22  stm32f10x_dma.o(.text)
    DMA_GetITStatus                          0x0800412b   Thumb Code    40  stm32f10x_dma.o(.text)
    DMA_ClearITPendingBit                    0x08004153   Thumb Code    22  stm32f10x_dma.o(.text)
    TIM_DeInit                               0x08004171   Thumb Code   424  stm32f10x_tim.o(.text)
    TIM_TimeBaseInit                         0x08004319   Thumb Code   122  stm32f10x_tim.o(.text)
    TIM_OC1Init                              0x08004393   Thumb Code   132  stm32f10x_tim.o(.text)
    TIM_OC2Init                              0x08004417   Thumb Code   154  stm32f10x_tim.o(.text)
    TIM_OC3Init                              0x080044b1   Thumb Code   150  stm32f10x_tim.o(.text)
    TIM_OC4Init                              0x08004547   Thumb Code   182  stm32f10x_tim.o(.text)
    TIM_SetIC4Prescaler                      0x080045fd   Thumb Code    26  stm32f10x_tim.o(.text)
    TIM_SetIC3Prescaler                      0x08004699   Thumb Code    18  stm32f10x_tim.o(.text)
    TIM_SetIC2Prescaler                      0x08004725   Thumb Code    26  stm32f10x_tim.o(.text)
    TIM_SetIC1Prescaler                      0x080047c1   Thumb Code    18  stm32f10x_tim.o(.text)
    TIM_ICInit                               0x0800483f   Thumb Code   150  stm32f10x_tim.o(.text)
    TIM_PWMIConfig                           0x080048d5   Thumb Code   124  stm32f10x_tim.o(.text)
    TIM_BDTRConfig                           0x08004951   Thumb Code    32  stm32f10x_tim.o(.text)
    TIM_TimeBaseStructInit                   0x08004971   Thumb Code    18  stm32f10x_tim.o(.text)
    TIM_OCStructInit                         0x08004983   Thumb Code    20  stm32f10x_tim.o(.text)
    TIM_ICStructInit                         0x08004997   Thumb Code    18  stm32f10x_tim.o(.text)
    TIM_BDTRStructInit                       0x080049a9   Thumb Code    40  stm32f10x_tim.o(.text)
    TIM_Cmd                                  0x080049d1   Thumb Code    24  stm32f10x_tim.o(.text)
    TIM_CtrlPWMOutputs                       0x080049e9   Thumb Code    30  stm32f10x_tim.o(.text)
    TIM_ITConfig                             0x08004a07   Thumb Code    18  stm32f10x_tim.o(.text)
    TIM_GenerateEvent                        0x08004a19   Thumb Code     4  stm32f10x_tim.o(.text)
    TIM_DMAConfig                            0x08004a1d   Thumb Code    10  stm32f10x_tim.o(.text)
    TIM_DMACmd                               0x08004a27   Thumb Code    18  stm32f10x_tim.o(.text)
    TIM_InternalClockConfig                  0x08004a39   Thumb Code    12  stm32f10x_tim.o(.text)
    TIM_SelectInputTrigger                   0x08004a45   Thumb Code    18  stm32f10x_tim.o(.text)
    TIM_ITRxExternalClockConfig              0x08004a57   Thumb Code    24  stm32f10x_tim.o(.text)
    TIM_TIxExternalClockConfig               0x08004a6f   Thumb Code    62  stm32f10x_tim.o(.text)
    TIM_ETRConfig                            0x08004aad   Thumb Code    28  stm32f10x_tim.o(.text)
    TIM_ETRClockMode1Config                  0x08004ac9   Thumb Code    54  stm32f10x_tim.o(.text)
    TIM_ETRClockMode2Config                  0x08004aff   Thumb Code    32  stm32f10x_tim.o(.text)
    TIM_PrescalerConfig                      0x08004b1f   Thumb Code     6  stm32f10x_tim.o(.text)
    TIM_CounterModeConfig                    0x08004b25   Thumb Code    18  stm32f10x_tim.o(.text)
    TIM_EncoderInterfaceConfig               0x08004b37   Thumb Code    66  stm32f10x_tim.o(.text)
    TIM_ForcedOC1Config                      0x08004b79   Thumb Code    18  stm32f10x_tim.o(.text)
    TIM_ForcedOC2Config                      0x08004b8b   Thumb Code    26  stm32f10x_tim.o(.text)
    TIM_ForcedOC3Config                      0x08004ba5   Thumb Code    18  stm32f10x_tim.o(.text)
    TIM_ForcedOC4Config                      0x08004bb7   Thumb Code    26  stm32f10x_tim.o(.text)
    TIM_ARRPreloadConfig                     0x08004bd1   Thumb Code    24  stm32f10x_tim.o(.text)
    TIM_SelectCOM                            0x08004be9   Thumb Code    24  stm32f10x_tim.o(.text)
    TIM_SelectCCDMA                          0x08004c01   Thumb Code    24  stm32f10x_tim.o(.text)
    TIM_CCPreloadControl                     0x08004c19   Thumb Code    24  stm32f10x_tim.o(.text)
    TIM_OC1PreloadConfig                     0x08004c31   Thumb Code    18  stm32f10x_tim.o(.text)
    TIM_OC2PreloadConfig                     0x08004c43   Thumb Code    26  stm32f10x_tim.o(.text)
    TIM_OC3PreloadConfig                     0x08004c5d   Thumb Code    18  stm32f10x_tim.o(.text)
    TIM_OC4PreloadConfig                     0x08004c6f   Thumb Code    26  stm32f10x_tim.o(.text)
    TIM_OC1FastConfig                        0x08004c89   Thumb Code    18  stm32f10x_tim.o(.text)
    TIM_OC2FastConfig                        0x08004c9b   Thumb Code    26  stm32f10x_tim.o(.text)
    TIM_OC3FastConfig                        0x08004cb5   Thumb Code    18  stm32f10x_tim.o(.text)
    TIM_OC4FastConfig                        0x08004cc7   Thumb Code    26  stm32f10x_tim.o(.text)
    TIM_ClearOC1Ref                          0x08004ce1   Thumb Code    18  stm32f10x_tim.o(.text)
    TIM_ClearOC2Ref                          0x08004cf3   Thumb Code    24  stm32f10x_tim.o(.text)
    TIM_ClearOC3Ref                          0x08004d0b   Thumb Code    18  stm32f10x_tim.o(.text)
    TIM_ClearOC4Ref                          0x08004d1d   Thumb Code    24  stm32f10x_tim.o(.text)
    TIM_OC1PolarityConfig                    0x08004d35   Thumb Code    18  stm32f10x_tim.o(.text)
    TIM_OC1NPolarityConfig                   0x08004d47   Thumb Code    18  stm32f10x_tim.o(.text)
    TIM_OC2PolarityConfig                    0x08004d59   Thumb Code    26  stm32f10x_tim.o(.text)
    TIM_OC2NPolarityConfig                   0x08004d73   Thumb Code    26  stm32f10x_tim.o(.text)
    TIM_OC3PolarityConfig                    0x08004d8d   Thumb Code    26  stm32f10x_tim.o(.text)
    TIM_OC3NPolarityConfig                   0x08004da7   Thumb Code    26  stm32f10x_tim.o(.text)
    TIM_OC4PolarityConfig                    0x08004dc1   Thumb Code    26  stm32f10x_tim.o(.text)
    TIM_CCxCmd                               0x08004ddb   Thumb Code    30  stm32f10x_tim.o(.text)
    TIM_CCxNCmd                              0x08004df9   Thumb Code    30  stm32f10x_tim.o(.text)
    TIM_SelectOCxM                           0x08004e17   Thumb Code    82  stm32f10x_tim.o(.text)
    TIM_UpdateDisableConfig                  0x08004e69   Thumb Code    24  stm32f10x_tim.o(.text)
    TIM_UpdateRequestConfig                  0x08004e81   Thumb Code    24  stm32f10x_tim.o(.text)
    TIM_SelectHallSensor                     0x08004e99   Thumb Code    24  stm32f10x_tim.o(.text)
    TIM_SelectOnePulseMode                   0x08004eb1   Thumb Code    18  stm32f10x_tim.o(.text)
    TIM_SelectOutputTrigger                  0x08004ec3   Thumb Code    18  stm32f10x_tim.o(.text)
    TIM_SelectSlaveMode                      0x08004ed5   Thumb Code    18  stm32f10x_tim.o(.text)
    TIM_SelectMasterSlaveMode                0x08004ee7   Thumb Code    18  stm32f10x_tim.o(.text)
    TIM_SetCounter                           0x08004ef9   Thumb Code     4  stm32f10x_tim.o(.text)
    TIM_SetAutoreload                        0x08004efd   Thumb Code     4  stm32f10x_tim.o(.text)
    TIM_SetCompare1                          0x08004f01   Thumb Code     4  stm32f10x_tim.o(.text)
    TIM_SetCompare2                          0x08004f05   Thumb Code     4  stm32f10x_tim.o(.text)
    TIM_SetCompare3                          0x08004f09   Thumb Code     4  stm32f10x_tim.o(.text)
    TIM_SetCompare4                          0x08004f0d   Thumb Code     6  stm32f10x_tim.o(.text)
    TIM_SetClockDivision                     0x08004f13   Thumb Code    18  stm32f10x_tim.o(.text)
    TIM_GetCapture1                          0x08004f25   Thumb Code     6  stm32f10x_tim.o(.text)
    TIM_GetCapture2                          0x08004f2b   Thumb Code     6  stm32f10x_tim.o(.text)
    TIM_GetCapture3                          0x08004f31   Thumb Code     6  stm32f10x_tim.o(.text)
    TIM_GetCapture4                          0x08004f37   Thumb Code     8  stm32f10x_tim.o(.text)
    TIM_GetCounter                           0x08004f3f   Thumb Code     6  stm32f10x_tim.o(.text)
    TIM_GetPrescaler                         0x08004f45   Thumb Code     6  stm32f10x_tim.o(.text)
    TIM_GetFlagStatus                        0x08004f4b   Thumb Code    18  stm32f10x_tim.o(.text)
    TIM_ClearFlag                            0x08004f5d   Thumb Code     6  stm32f10x_tim.o(.text)
    TIM_GetITStatus                          0x08004f63   Thumb Code    34  stm32f10x_tim.o(.text)
    TIM_ClearITPendingBit                    0x08004f85   Thumb Code     6  stm32f10x_tim.o(.text)
    vSetPwm                                  0x08004f8d   Thumb Code    64  app_main.o(.text)
    app_main                                 0x08004fcd   Thumb Code    50  app_main.o(.text)
    __aeabi_fadd                             0x08005019   Thumb Code   164  fadd.o(.text)
    __aeabi_fsub                             0x080050bd   Thumb Code     6  fadd.o(.text)
    __aeabi_frsub                            0x080050c3   Thumb Code     6  fadd.o(.text)
    __aeabi_fmul                             0x080050c9   Thumb Code   100  fmul.o(.text)
    __aeabi_fdiv                             0x0800512d   Thumb Code   124  fdiv.o(.text)
    __aeabi_ddiv                             0x080051a9   Thumb Code   222  ddiv.o(.text)
    __aeabi_i2f                              0x08005287   Thumb Code    18  fflti.o(.text)
    __aeabi_ui2d                             0x08005299   Thumb Code    26  dfltui.o(.text)
    __aeabi_f2iz                             0x080052b3   Thumb Code    50  ffixi.o(.text)
    __aeabi_d2f                              0x080052e5   Thumb Code    56  d2f.o(.text)
    __aeabi_cfcmpeq                          0x0800531d   Thumb Code     0  cfcmple.o(.text)
    __aeabi_cfcmple                          0x0800531d   Thumb Code    20  cfcmple.o(.text)
    __aeabi_cfrcmple                         0x08005331   Thumb Code    20  cfrcmple.o(.text)
    __aeabi_uldivmod                         0x08005345   Thumb Code    98  uldiv.o(.text)
    __I$use$fp                               0x080053a7   Thumb Code     0  iusefp.o(.text)
    _float_round                             0x080053a7   Thumb Code    18  fepilogue.o(.text)
    _float_epilogue                          0x080053b9   Thumb Code    92  fepilogue.o(.text)
    _double_round                            0x08005415   Thumb Code    30  depilogue.o(.text)
    _double_epilogue                         0x08005433   Thumb Code   156  depilogue.o(.text)
    __scatterload                            0x080054d1   Thumb Code    28  init.o(.text)
    __scatterload_rt2                        0x080054d1   Thumb Code     0  init.o(.text)
    __aeabi_llsl                             0x080054f5   Thumb Code    30  llshl.o(.text)
    _ll_shift_l                              0x080054f5   Thumb Code     0  llshl.o(.text)
    __aeabi_llsr                             0x08005513   Thumb Code    32  llushr.o(.text)
    _ll_ushift_r                             0x08005513   Thumb Code     0  llushr.o(.text)
    __decompress                             0x08005533   Thumb Code     0  __dczerorl2.o(.text)
    __decompress1                            0x08005533   Thumb Code    86  __dczerorl2.o(.text)
    __0printf$8                              0x08005589   Thumb Code    22  printf8.o(i.__0printf$8)
    __1printf$8                              0x08005589   Thumb Code     0  printf8.o(i.__0printf$8)
    __2printf                                0x08005589   Thumb Code     0  printf8.o(i.__0printf$8)
    __scatterload_copy                       0x080055a9   Thumb Code    14  handlers.o(i.__scatterload_copy)
    __scatterload_null                       0x080055b7   Thumb Code     2  handlers.o(i.__scatterload_null)
    __scatterload_zeroinit                   0x080055b9   Thumb Code    14  handlers.o(i.__scatterload_zeroinit)
    Region$$Table$$Base                      0x08005ae8   Number         0  anon$$obj.o(Region$$Table)
    Region$$Table$$Limit                     0x08005b08   Number         0  anon$$obj.o(Region$$Table)
    Target_A                                 0x20000000   Data           4  main.o(.data)
    Target_B                                 0x20000004   Data           4  main.o(.data)
    Target_C                                 0x20000008   Data           4  main.o(.data)
    Target_D                                 0x2000000c   Data           4  main.o(.data)
    Target                                   0x20000010   Data           4  main.o(.data)
    uart_data_array                          0x20000014   Data          40  main.o(.data)
    ucReceiveGlobal                          0x2000003c   Data           5  main.o(.data)
    SystemCoreClock                          0x20000044   Data           4  system_stm32f10x.o(.data)
    AHBPrescTable                            0x20000048   Data          16  system_stm32f10x.o(.data)
    uchCRCHi                                 0x20000058   Data           1  modbuscrc16.o(.data)
    uchCRCLo                                 0x20000059   Data           1  modbuscrc16.o(.data)
    auchCRCHi                                0x2000005a   Data         256  modbuscrc16.o(.data)
    auchCRCLo                                0x2000015a   Data         256  modbuscrc16.o(.data)
    puCcurrent_Receive_Point                 0x2000025c   Data           4  dma.o(.data)
    pwmAplus                                 0x20000260   Data           2  control.o(.data)
    pwmBplus                                 0x20000262   Data           2  control.o(.data)
    pwmCplus                                 0x20000264   Data           2  control.o(.data)
    pwmDplus                                 0x20000266   Data           2  control.o(.data)
    ptemp                                    0x20000268   Data           4  control.o(.data)
    led_delayCount                           0x2000026c   Data           1  control.o(.data)
    sys_cmd_tab                              0x200002e0   Data          28  usmart.o(.data)
    usmart_nametab                           0x200002fc   Data          40  usmart_config.o(.data)
    usmart_dev                               0x20000324   Data         244  usmart_config.o(.data)
    __stdout                                 0x2000041c   Data           4  usart.o(.data)
    USART_RX_STA                             0x20000420   Data           2  usart.o(.data)
    Motor_A                                  0x20000438   Data           4  app_main.o(.data)
    Motor_B                                  0x2000043c   Data           4  app_main.o(.data)
    Motor_C                                  0x20000440   Data           4  app_main.o(.data)
    Motor_D                                  0x20000444   Data           4  app_main.o(.data)
    Encoder_A                                0x20000448   Data           4  app_main.o(.data)
    Encoder_B                                0x2000044c   Data           4  app_main.o(.data)
    Encoder_C                                0x20000450   Data           4  app_main.o(.data)
    Encoder_D                                0x20000454   Data           4  app_main.o(.data)
    Position_A                               0x20000458   Data           4  app_main.o(.data)
    Position_B                               0x2000045c   Data           4  app_main.o(.data)
    Position_C                               0x20000460   Data           4  app_main.o(.data)
    Position_D                               0x20000464   Data           4  app_main.o(.data)
    Rate_A                                   0x20000468   Data           4  app_main.o(.data)
    Rate_B                                   0x2000046c   Data           4  app_main.o(.data)
    Rate_C                                   0x20000470   Data           4  app_main.o(.data)
    Rate_D                                   0x20000474   Data           4  app_main.o(.data)
    Velocity_KP                              0x20000478   Data           4  app_main.o(.data)
    Velocity_KI                              0x2000047c   Data           4  app_main.o(.data)
    Position_KP                              0x20000480   Data           4  app_main.o(.data)
    Position_KI                              0x20000484   Data           4  app_main.o(.data)
    Position_KD                              0x20000488   Data           4  app_main.o(.data)
    ucDma_Receive                            0x2000048c   Data          20  dma.o(.bss)
    DMA_UART_STRU                            0x200004a0   Data          12  dma.o(.bss)
    USART_RX_BUF                             0x200004ac   Data         200  usart.o(.bss)
    RemoteControlUsartData                   0x20000574   Data           9  app_main.o(.bss)
    __initial_sp                             0x20000980   Data           0  startup_stm32f10x_hd.o(STACK)



==============================================================================

Memory Map of the image

  Image Entry point : 0x08000131

  Load Region LR_IROM1 (Base: 0x08000000, Size: 0x00005f94, Max: 0x00040000, ABSOLUTE, COMPRESSED[0x00005cb4])

    Execution Region ER_IROM1 (Exec base: 0x08000000, Load base: 0x08000000, Size: 0x00005b08, Max: 0x00040000, ABSOLUTE)

    Exec Addr    Load Addr    Size         Type   Attr      Idx    E Section Name        Object

    0x08000000   0x08000000   0x00000130   Data   RO          426    RESET               startup_stm32f10x_hd.o
    0x08000130   0x08000130   0x00000000   Code   RO          525  * .ARM.Collect$$$$00000000  mc_w.l(entry.o)
    0x08000130   0x08000130   0x00000004   Code   RO          809    .ARM.Collect$$$$00000001  mc_w.l(entry2.o)
    0x08000134   0x08000134   0x00000004   Code   RO          812    .ARM.Collect$$$$00000004  mc_w.l(entry5.o)
    0x08000138   0x08000138   0x00000000   Code   RO          814    .ARM.Collect$$$$00000008  mc_w.l(entry7b.o)
    0x08000138   0x08000138   0x00000000   Code   RO          816    .ARM.Collect$$$$0000000A  mc_w.l(entry8b.o)
    0x08000138   0x08000138   0x00000008   Code   RO          817    .ARM.Collect$$$$0000000B  mc_w.l(entry9a.o)
    0x08000140   0x08000140   0x00000000   Code   RO          819    .ARM.Collect$$$$0000000D  mc_w.l(entry10a.o)
    0x08000140   0x08000140   0x00000000   Code   RO          821    .ARM.Collect$$$$0000000F  mc_w.l(entry11a.o)
    0x08000140   0x08000140   0x00000004   Code   RO          810    .ARM.Collect$$$$00002712  mc_w.l(entry2.o)
    0x08000144   0x08000144   0x00000650   Code   RO            1    .text               main.o
    0x08000794   0x08000794   0x0000001a   Code   RO          112    .text               stm32f10x_it.o
    0x080007ae   0x080007ae   0x00000002   PAD
    0x080007b0   0x080007b0   0x000001e0   Code   RO          147    .text               system_stm32f10x.o
    0x08000990   0x08000990   0x00000038   Code   RO          165    .text               led.o
    0x080009c8   0x080009c8   0x0000005c   Code   RO          177    .text               modbuscrc16.o
    0x08000a24   0x08000a24   0x00000044   Code   RO          192    .text               timer.o
    0x08000a68   0x08000a68   0x000000f8   Code   RO          204    .text               dma.o
    0x08000b60   0x08000b60   0x000000d0   Code   RO          223    .text               usart2.o
    0x08000c30   0x08000c30   0x00000120   Code   RO          238    .text               usart3.o
    0x08000d50   0x08000d50   0x00000100   Code   RO          253    .text               uart4.o
    0x08000e50   0x08000e50   0x00000428   Code   RO          265    .text               encoder.o
    0x08001278   0x08001278   0x00000184   Code   RO          277    .text               motor.o
    0x080013fc   0x080013fc   0x00000a98   Code   RO          295    .text               control.o
    0x08001e94   0x08001e94   0x00000c38   Code   RO          319    .text               usmart.o
    0x08002acc   0x08002acc   0x00000528   Code   RO          348    .text               usmart_str.o
    0x08002ff4   0x08002ff4   0x000000d4   Code   RO          360    .text               delay.o
    0x080030c8   0x080030c8   0x000000b4   Code   RO          375    .text               sys.o
    0x0800317c   0x0800317c   0x00000198   Code   RO          391    .text               usart.o
    0x08003314   0x08003314   0x00000024   Code   RO          427    .text               startup_stm32f10x_hd.o
    0x08003338   0x08003338   0x000000dc   Code   RO          431    .text               misc.o
    0x08003414   0x08003414   0x0000035c   Code   RO          443    .text               stm32f10x_gpio.o
    0x08003770   0x08003770   0x000003a4   Code   RO          455    .text               stm32f10x_rcc.o
    0x08003b14   0x08003b14   0x00000408   Code   RO          469    .text               stm32f10x_usart.o
    0x08003f1c   0x08003f1c   0x00000254   Code   RO          481    .text               stm32f10x_dma.o
    0x08004170   0x08004170   0x00000e1a   Code   RO          493    .text               stm32f10x_tim.o
    0x08004f8a   0x08004f8a   0x00000002   PAD
    0x08004f8c   0x08004f8c   0x0000008c   Code   RO          505    .text               app_main.o
    0x08005018   0x08005018   0x000000b0   Code   RO          789    .text               mf_w.l(fadd.o)
    0x080050c8   0x080050c8   0x00000064   Code   RO          791    .text               mf_w.l(fmul.o)
    0x0800512c   0x0800512c   0x0000007c   Code   RO          793    .text               mf_w.l(fdiv.o)
    0x080051a8   0x080051a8   0x000000de   Code   RO          795    .text               mf_w.l(ddiv.o)
    0x08005286   0x08005286   0x00000012   Code   RO          797    .text               mf_w.l(fflti.o)
    0x08005298   0x08005298   0x0000001a   Code   RO          799    .text               mf_w.l(dfltui.o)
    0x080052b2   0x080052b2   0x00000032   Code   RO          801    .text               mf_w.l(ffixi.o)
    0x080052e4   0x080052e4   0x00000038   Code   RO          803    .text               mf_w.l(d2f.o)
    0x0800531c   0x0800531c   0x00000014   Code   RO          805    .text               mf_w.l(cfcmple.o)
    0x08005330   0x08005330   0x00000014   Code   RO          807    .text               mf_w.l(cfrcmple.o)
    0x08005344   0x08005344   0x00000062   Code   RO          825    .text               mc_w.l(uldiv.o)
    0x080053a6   0x080053a6   0x00000000   Code   RO          827    .text               mc_w.l(iusefp.o)
    0x080053a6   0x080053a6   0x0000006e   Code   RO          828    .text               mf_w.l(fepilogue.o)
    0x08005414   0x08005414   0x000000ba   Code   RO          830    .text               mf_w.l(depilogue.o)
    0x080054ce   0x080054ce   0x00000002   PAD
    0x080054d0   0x080054d0   0x00000024   Code   RO          840    .text               mc_w.l(init.o)
    0x080054f4   0x080054f4   0x0000001e   Code   RO          842    .text               mc_w.l(llshl.o)
    0x08005512   0x08005512   0x00000020   Code   RO          844    .text               mc_w.l(llushr.o)
    0x08005532   0x08005532   0x00000056   Code   RO          856    .text               mc_w.l(__dczerorl2.o)
    0x08005588   0x08005588   0x00000020   Code   RO          735    i.__0printf$8       mc_w.l(printf8.o)
    0x080055a8   0x080055a8   0x0000000e   Code   RO          850    i.__scatterload_copy  mc_w.l(handlers.o)
    0x080055b6   0x080055b6   0x00000002   Code   RO          851    i.__scatterload_null  mc_w.l(handlers.o)
    0x080055b8   0x080055b8   0x0000000e   Code   RO          852    i.__scatterload_zeroinit  mc_w.l(handlers.o)
    0x080055c6   0x080055c6   0x00000002   PAD
    0x080055c8   0x080055c8   0x00000410   Code   RO          742    i._printf_core      mc_w.l(printf8.o)
    0x080059d8   0x080059d8   0x00000024   Code   RO          743    i._printf_post_padding  mc_w.l(printf8.o)
    0x080059fc   0x080059fc   0x0000002e   Code   RO          744    i._printf_pre_padding  mc_w.l(printf8.o)
    0x08005a2a   0x08005a2a   0x00000002   PAD
    0x08005a2c   0x08005a2c   0x00000028   Data   RO          320    .conststring        usmart.o
    0x08005a54   0x08005a54   0x00000093   Data   RO          335    .conststring        usmart_config.o
    0x08005ae7   0x08005ae7   0x00000001   PAD
    0x08005ae8   0x08005ae8   0x00000020   Data   RO          848    Region$$Table       anon$$obj.o


    Execution Region RW_IRAM1 (Exec base: 0x20000000, Load base: 0x08005b08, Size: 0x00000980, Max: 0x0000c000, ABSOLUTE, COMPRESSED[0x000001ac])

    Exec Addr    Load Addr    Size         Type   Attr      Idx    E Section Name        Object

    0x20000000   COMPRESSED   0x00000041   Data   RW            2    .data               main.o
    0x20000041   COMPRESSED   0x00000003   PAD
    0x20000044   COMPRESSED   0x00000014   Data   RW          148    .data               system_stm32f10x.o
    0x20000058   COMPRESSED   0x00000202   Data   RW          178    .data               modbuscrc16.o
    0x2000025a   COMPRESSED   0x00000002   PAD
    0x2000025c   COMPRESSED   0x00000004   Data   RW          206    .data               dma.o
    0x20000260   COMPRESSED   0x00000080   Data   RW          296    .data               control.o
    0x200002e0   COMPRESSED   0x0000001c   Data   RW          321    .data               usmart.o
    0x200002fc   COMPRESSED   0x0000011c   Data   RW          336    .data               usmart_config.o
    0x20000418   COMPRESSED   0x00000004   Data   RW          361    .data               delay.o
    0x2000041c   COMPRESSED   0x00000006   Data   RW          393    .data               usart.o
    0x20000422   COMPRESSED   0x00000014   Data   RW          456    .data               stm32f10x_rcc.o
    0x20000436   COMPRESSED   0x00000002   PAD
    0x20000438   COMPRESSED   0x00000054   Data   RW          507    .data               app_main.o
    0x2000048c        -       0x00000020   Zero   RW          205    .bss                dma.o
    0x200004ac        -       0x000000c8   Zero   RW          392    .bss                usart.o
    0x20000574        -       0x00000009   Zero   RW          506    .bss                app_main.o
    0x2000057d   COMPRESSED   0x00000003   PAD
    0x20000580        -       0x00000400   Zero   RW          424    STACK               startup_stm32f10x_hd.o


==============================================================================

Image component sizes


      Code (inc. data)   RO Data    RW Data    ZI Data      Debug   Object Name

       140         26          0         84          9       2288   app_main.o
      2712        376          0        128          0       6829   control.o
       212         18          0          4          0       1199   delay.o
       248         28          0          4         32       3642   dma.o
      1064         36          0          0          0       2007   encoder.o
        56          6          0          0          0        559   led.o
      1616        134          0         65          0     266978   main.o
       220         22          0          0          0       1953   misc.o
        92         16          0        514          0       1589   modbuscrc16.o
       388         18          0          0          0       1081   motor.o
        36          8        304          0       1024        872   startup_stm32f10x_hd.o
       596          8          0          0          0       4518   stm32f10x_dma.o
       860         38          0          0          0       5889   stm32f10x_gpio.o
        26          0          0          0          0       1258   stm32f10x_it.o
       932         36          0         20          0       9148   stm32f10x_rcc.o
      3610         88          0          0          0      22996   stm32f10x_tim.o
      1032         22          0          0          0       8612   stm32f10x_usart.o
       180         12          0          0          0       1285   sys.o
       480         38          0         20          0       1971   system_stm32f10x.o
        68         10          0          0          0        640   timer.o
       256         10          0          0          0       1922   uart4.o
       408         18          0          6        200       4021   usart.o
       208         14          0          0          0       1675   usart2.o
       288         10          0          0          0       1990   usart3.o
      3128       1288         40         28          0       4606   usmart.o
         0          0        147        284          0       1796   usmart_config.o
      1320         12          0          0          0       5385   usmart_str.o

    ----------------------------------------------------------------------
     20180       2292        524       1164       1268     366709   Object Totals
         0          0         32          0          0          0   (incl. Generated)
         4          0          1          7          3          0   (incl. Padding)

    ----------------------------------------------------------------------

      Code (inc. data)   RO Data    RW Data    ZI Data      Debug   Library Member Name

        86          0          0          0          0          0   __dczerorl2.o
         0          0          0          0          0          0   entry.o
         0          0          0          0          0          0   entry10a.o
         0          0          0          0          0          0   entry11a.o
         8          4          0          0          0          0   entry2.o
         4          0          0          0          0          0   entry5.o
         0          0          0          0          0          0   entry7b.o
         0          0          0          0          0          0   entry8b.o
         8          4          0          0          0          0   entry9a.o
        30          0          0          0          0          0   handlers.o
        36          8          0          0          0         68   init.o
         0          0          0          0          0          0   iusefp.o
        30          0          0          0          0         68   llshl.o
        32          0          0          0          0         68   llushr.o
      1154         54          0          0          0        352   printf8.o
        98          0          0          0          0         92   uldiv.o
        20          0          0          0          0         68   cfcmple.o
        20          0          0          0          0         68   cfrcmple.o
        56          0          0          0          0         88   d2f.o
       222          0          0          0          0        100   ddiv.o
       186          0          0          0          0        176   depilogue.o
        26          0          0          0          0         76   dfltui.o
       176          0          0          0          0        140   fadd.o
       124          0          0          0          0         88   fdiv.o
       110          0          0          0          0        168   fepilogue.o
        50          0          0          0          0         68   ffixi.o
        18          0          0          0          0         68   fflti.o
       100          0          0          0          0         76   fmul.o

    ----------------------------------------------------------------------
      2600         70          0          0          0       1832   Library Totals
         6          0          0          0          0          0   (incl. Padding)

    ----------------------------------------------------------------------

      Code (inc. data)   RO Data    RW Data    ZI Data      Debug   Library Name

      1486         70          0          0          0        648   mc_w.l
      1108          0          0          0          0       1184   mf_w.l

    ----------------------------------------------------------------------
      2600         70          0          0          0       1832   Library Totals

    ----------------------------------------------------------------------

==============================================================================


      Code (inc. data)   RO Data    RW Data    ZI Data      Debug   

     22780       2362        524       1164       1268     365393   Grand Totals
     22780       2362        524        428       1268     365393   ELF Image Totals (compressed)
     22780       2362        524        428          0          0   ROM Totals

==============================================================================

    Total RO  Size (Code + RO Data)                23304 (  22.76kB)
    Total RW  Size (RW Data + ZI Data)              2432 (   2.38kB)
    Total ROM Size (Code + RO Data + RW Data)      23732 (  23.18kB)

==============================================================================

